oled.c:119:6:clear_display	8	static
oled.c:138:6:fill_display	8	static
oled.c:157:6:toggle_pixel	24	static
oled.c:211:6:generate_buffer	32	static
oled.c:72:6:compute_rect	16	static
oled.c:91:6:compute_square	16	static
oled.c:110:6:init_buffers	8	static
oled.c:23:6:init_display	8	static
oled.c:289:6:square_display	16	static
oled.c:310:6:rectangle_display	16	static
oled.c:331:6:shape_display_image	24	static
oled.c:367:6:send_buff_animation	24	static
oled.c:244:6:check_animation	8	static
oled.c:385:6:draw_square	16	static
oled.c:403:6:draw_rectangle	16	static
