Archive member included to satisfy reference by file (symbol)

/usr/local/mcuxpressoide-11.2.0_4120/ide/plugins/com.nxp.mcuxpresso.tools.linux_11.2.0.202001021529/tools/bin/../lib/gcc/arm-none-eabi/9.2.1/../../../../arm-none-eabi/lib/thumb/v6-m/nofp/libcr_nohost_nf.a(__ciob.o)
                              ./source/uart.o (__Ciob)
/usr/local/mcuxpressoide-11.2.0_4120/ide/plugins/com.nxp.mcuxpresso.tools.linux_11.2.0.202001021529/tools/bin/../lib/gcc/arm-none-eabi/9.2.1/../../../../arm-none-eabi/lib/thumb/v6-m/nofp/libcr_nohost_nf.a(_cr__main.o)
                              ./startup/startup_mkl25z4.o (__main)
/usr/local/mcuxpressoide-11.2.0_4120/ide/plugins/com.nxp.mcuxpresso.tools.linux_11.2.0.202001021529/tools/bin/../lib/gcc/arm-none-eabi/9.2.1/../../../../arm-none-eabi/lib/thumb/v6-m/nofp/libcr_c.a(memcpy.o)
                              ./drivers/fsl_flash.o (memcpy)
/usr/local/mcuxpressoide-11.2.0_4120/ide/plugins/com.nxp.mcuxpresso.tools.linux_11.2.0.202001021529/tools/bin/../lib/gcc/arm-none-eabi/9.2.1/../../../../arm-none-eabi/lib/thumb/v6-m/nofp/libcr_c.a(memset.o)
                              ./source/command_processor.o (memset)
/usr/local/mcuxpressoide-11.2.0_4120/ide/plugins/com.nxp.mcuxpresso.tools.linux_11.2.0.202001021529/tools/bin/../lib/gcc/arm-none-eabi/9.2.1/../../../../arm-none-eabi/lib/thumb/v6-m/nofp/libcr_c.a(__fillbuf.o)
                              ./source/uart.o (__filbuf)
/usr/local/mcuxpressoide-11.2.0_4120/ide/plugins/com.nxp.mcuxpresso.tools.linux_11.2.0.202001021529/tools/bin/../lib/gcc/arm-none-eabi/9.2.1/../../../../arm-none-eabi/lib/thumb/v6-m/nofp/libcr_c.a(_deferredlazyseek.o)
                              /usr/local/mcuxpressoide-11.2.0_4120/ide/plugins/com.nxp.mcuxpresso.tools.linux_11.2.0.202001021529/tools/bin/../lib/gcc/arm-none-eabi/9.2.1/../../../../arm-none-eabi/lib/thumb/v6-m/nofp/libcr_c.a(__fillbuf.o) (_deferredlazyseek)
/usr/local/mcuxpressoide-11.2.0_4120/ide/plugins/com.nxp.mcuxpresso.tools.linux_11.2.0.202001021529/tools/bin/../lib/gcc/arm-none-eabi/9.2.1/../../../../arm-none-eabi/lib/thumb/v6-m/nofp/libcr_c.a(_fflush.o)
                              /usr/local/mcuxpressoide-11.2.0_4120/ide/plugins/com.nxp.mcuxpresso.tools.linux_11.2.0.202001021529/tools/bin/../lib/gcc/arm-none-eabi/9.2.1/../../../../arm-none-eabi/lib/thumb/v6-m/nofp/libcr_c.a(__fillbuf.o) (_fflush)
/usr/local/mcuxpressoide-11.2.0_4120/ide/plugins/com.nxp.mcuxpresso.tools.linux_11.2.0.202001021529/tools/bin/../lib/gcc/arm-none-eabi/9.2.1/../../../../arm-none-eabi/lib/thumb/v6-m/nofp/libcr_c.a(_writebuf.o)
                              /usr/local/mcuxpressoide-11.2.0_4120/ide/plugins/com.nxp.mcuxpresso.tools.linux_11.2.0.202001021529/tools/bin/../lib/gcc/arm-none-eabi/9.2.1/../../../../arm-none-eabi/lib/thumb/v6-m/nofp/libcr_c.a(_deferredlazyseek.o) (_Cwritebuf)
/usr/local/mcuxpressoide-11.2.0_4120/ide/plugins/com.nxp.mcuxpresso.tools.linux_11.2.0.202001021529/tools/bin/../lib/gcc/arm-none-eabi/9.2.1/../../../../arm-none-eabi/lib/thumb/v6-m/nofp/libcr_c.a(alloc.o)
                              /usr/local/mcuxpressoide-11.2.0_4120/ide/plugins/com.nxp.mcuxpresso.tools.linux_11.2.0.202001021529/tools/bin/../lib/gcc/arm-none-eabi/9.2.1/../../../../arm-none-eabi/lib/thumb/v6-m/nofp/libcr_c.a(__fillbuf.o) (_Csys_alloc)
/usr/local/mcuxpressoide-11.2.0_4120/ide/plugins/com.nxp.mcuxpresso.tools.linux_11.2.0.202001021529/tools/bin/../lib/gcc/arm-none-eabi/9.2.1/../../../../arm-none-eabi/lib/thumb/v6-m/nofp/libcr_c.a(fseek.o)
                              /usr/local/mcuxpressoide-11.2.0_4120/ide/plugins/com.nxp.mcuxpresso.tools.linux_11.2.0.202001021529/tools/bin/../lib/gcc/arm-none-eabi/9.2.1/../../../../arm-none-eabi/lib/thumb/v6-m/nofp/libcr_c.a(_deferredlazyseek.o) (fseek)
/usr/local/mcuxpressoide-11.2.0_4120/ide/plugins/com.nxp.mcuxpresso.tools.linux_11.2.0.202001021529/tools/bin/../lib/gcc/arm-none-eabi/9.2.1/../../../../arm-none-eabi/lib/thumb/v6-m/nofp/libcr_c.a(ftell.o)
                              /usr/local/mcuxpressoide-11.2.0_4120/ide/plugins/com.nxp.mcuxpresso.tools.linux_11.2.0.202001021529/tools/bin/../lib/gcc/arm-none-eabi/9.2.1/../../../../arm-none-eabi/lib/thumb/v6-m/nofp/libcr_c.a(fseek.o) (ftell)
/usr/local/mcuxpressoide-11.2.0_4120/ide/plugins/com.nxp.mcuxpresso.tools.linux_11.2.0.202001021529/tools/bin/../lib/gcc/arm-none-eabi/9.2.1/../../../../arm-none-eabi/lib/thumb/v6-m/nofp/libcr_c.a(initio.o)
                              /usr/local/mcuxpressoide-11.2.0_4120/ide/plugins/com.nxp.mcuxpresso.tools.linux_11.2.0.202001021529/tools/bin/../lib/gcc/arm-none-eabi/9.2.1/../../../../arm-none-eabi/lib/thumb/v6-m/nofp/libcr_nohost_nf.a(_cr__main.o) (_initio)
/usr/local/mcuxpressoide-11.2.0_4120/ide/plugins/com.nxp.mcuxpresso.tools.linux_11.2.0.202001021529/tools/bin/../lib/gcc/arm-none-eabi/9.2.1/../../../../arm-none-eabi/lib/thumb/v6-m/nofp/libcr_c.a(printf.o)
                              ./source/cbfifo.o (_printf)
[...]
Memory Configuration

Name             Origin             Length             Attributes
PROGRAM_FLASH    0x0000000000000000 0x0000000000020000 xr
SRAM             0x000000001ffff000 0x0000000000004000 xrw
*default*        0x0000000000000000 0xffffffffffffffff

Linker script and memory map

LOAD ./utilities/fsl_debug_console.o
LOAD ./startup/startup_mkl25z4.o
LOAD ./source/cbfifo.o
LOAD ./source/command_processor.o
LOAD ./source/display.o
LOAD ./source/hexdump.o
LOAD ./source/i2c.o
LOAD ./source/main.o
LOAD ./source/mtb.o
LOAD ./source/oled.o
LOAD ./source/semihost_hardfault.o
LOAD ./source/sysclock.o
LOAD ./source/uart.o
LOAD ./drivers/fsl_clock.o
LOAD ./drivers/fsl_common.o
LOAD ./drivers/fsl_flash.o
LOAD ./drivers/fsl_gpio.o
LOAD ./drivers/fsl_lpsci.o
LOAD ./drivers/fsl_smc.o
LOAD ./drivers/fsl_uart.o
LOAD ./board/board.o
LOAD ./board/clock_config.o
LOAD ./board/peripherals.o
LOAD ./board/pin_mux.o
LOAD ./CMSIS/system_MKL25Z4.o
START GROUP
LOAD /usr/local/mcuxpressoide-11.2.0_4120/ide/plugins/com.nxp.mcuxpresso.tools.linux_11.2.0.202001021529/tools/bin/../lib/gcc/arm-none-eabi/9.2.1/../../../../arm-none-eabi/lib/thumb/v6-m/nofp/libcr_nohost_nf.a
LOAD /usr/local/mcuxpressoide-11.2.0_4120/ide/plugins/com.nxp.mcuxpresso.tools.linux_11.2.0.202001021529/tools/bin/../lib/gcc/arm-none-eabi/9.2.1/../../../../arm-none-eabi/lib/thumb/v6-m/nofp/libcr_c.a
LOAD /usr/local/mcuxpressoide-11.2.0_4120/ide/plugins/com.nxp.mcuxpresso.tools.linux_11.2.0.202001021529/tools/bin/../lib/gcc/arm-none-eabi/9.2.1/thumb/v6-m/nofp/libcr_eabihelpers.a
LOAD /usr/local/mcuxpressoide-11.2.0_4120/ide/plugins/com.nxp.mcuxpresso.tools.linux_11.2.0.202001021529/tools/bin/../lib/gcc/arm-none-eabi/9.2.1/thumb/v6-m/nofp/libgcc.a
END GROUP
                0x0000000000000000                __base_PROGRAM_FLASH = 0x0
                0x0000000000000000                __base_Flash = 0x0
                0x0000000000020000                __top_PROGRAM_FLASH = 0x20000
                0x0000000000020000                __top_Flash = 0x20000
                0x000000001ffff000                __base_SRAM = 0x1ffff000
                0x000000001ffff000                __base_RAM = 0x1ffff000
                0x0000000020003000                __top_SRAM = 0x20003000
                0x0000000020003000                __top_RAM = 0x20003000

.text           0x0000000000000000     0x54ac
 FILL mask 0xff
                0x0000000000000000                __vectors_start__ = ABSOLUTE (.)
 *(SORT_BY_ALIGNMENT(.isr_vector))
 .isr_vector    0x0000000000000000       0xc0 ./startup/startup_mkl25z4.o
                0x0000000000000000                __Vectors
                0x0000000000000000                g_pfnVectors
                0x00000000000000c0                . = ALIGN (0x4)
                0x00000000000000c0                __section_table_start = .
                0x00000000000000c0                __data_section_table = .
                0x00000000000000c0        0x4 LONG 0x54ac LOADADDR (.data)
                0x00000000000000c4        0x4 LONG 0x1ffff080 ADDR (.data)
                0x00000000000000c8        0x4 LONG 0x0 SIZEOF (.data)
                0x00000000000000cc                __data_section_table_end = .
                0x00000000000000cc                __bss_section_table = .
                0x00000000000000cc        0x4 LONG 0x1ffff080 ADDR (.bss)
                0x00000000000000d0        0x4 LONG 0x1af0 SIZEOF (.bss)
                0x00000000000000d4                __bss_section_table_end = .
                0x00000000000000d4                __section_table_end = .
 *(SORT_BY_ALIGNMENT(.after_vectors*))
 .after_vectors.reset
                0x00000000000000d4       0x44 ./startup/startup_mkl25z4.o
                0x00000000000000d4                ResetISR
 .after_vectors
                0x0000000000000118      0x10c ./startup/startup_mkl25z4.o
                0x0000000000000118                NMI_Handler
                0x000000000000011c                SVC_Handler
                0x000000000000011e                PendSV_Handler
                0x0000000000000120                SysTick_Handler
                0x0000000000000122                PIT_DriverIRQHandler
                0x0000000000000122                Reserved39_DriverIRQHandler
                0x0000000000000122                DMA0_DriverIRQHandler
                0x0000000000000122                SPI1_DriverIRQHandler
                0x0000000000000122                LPTMR0_DriverIRQHandler
                0x0000000000000122                TPM2_DriverIRQHandler
                0x0000000000000122                TSI0_DriverIRQHandler
                0x0000000000000122                RTC_Seconds_DriverIRQHandler
                0x0000000000000122                LLWU_DriverIRQHandler
                0x0000000000000122                MCG_DriverIRQHandler
                0x0000000000000122                FTFA_DriverIRQHandler
                0x0000000000000122                IntDefaultHandler
                0x0000000000000122                USB0_DriverIRQHandler
                0x0000000000000122                DAC0_DriverIRQHandler
                0x0000000000000122                LVD_LVW_DriverIRQHandler
                0x0000000000000122                TPM0_DriverIRQHandler
                0x0000000000000122                Reserved20_DriverIRQHandler
                0x0000000000000122                DMA3_DriverIRQHandler
                0x0000000000000122                Reserved45_DriverIRQHandler
                0x0000000000000122                PORTA_DriverIRQHandler
                0x0000000000000122                TPM1_DriverIRQHandler
                0x0000000000000122                RTC_DriverIRQHandler
                0x0000000000000122                DMA1_DriverIRQHandler
                0x0000000000000122                I2C1_DriverIRQHandler
                0x0000000000000122                SPI0_DriverIRQHandler
                0x0000000000000122                ADC0_DriverIRQHandler
                0x0000000000000122                CMP0_DriverIRQHandler
                0x0000000000000122                DMA2_DriverIRQHandler
                0x0000000000000122                PORTD_DriverIRQHandler
                0x0000000000000122                I2C0_DriverIRQHandler
                0x0000000000000124                DMA0_IRQHandler
                0x000000000000012c                DMA1_IRQHandler
                0x0000000000000134                DMA2_IRQHandler
                0x000000000000013c                DMA3_IRQHandler
                0x0000000000000144                Reserved20_IRQHandler
                0x000000000000014c                FTFA_IRQHandler
                0x0000000000000154                LVD_LVW_IRQHandler
                0x000000000000015c                LLWU_IRQHandler
                0x0000000000000164                I2C0_IRQHandler
                0x000000000000016c                I2C1_IRQHandler
                0x0000000000000174                SPI0_IRQHandler
                0x000000000000017c                SPI1_IRQHandler
                0x000000000000018c                UART1_IRQHandler
                0x0000000000000194                UART2_IRQHandler
                0x000000000000019c                ADC0_IRQHandler
                0x00000000000001a4                CMP0_IRQHandler
                0x00000000000001ac                TPM0_IRQHandler
                0x00000000000001b4                TPM1_IRQHandler
                0x00000000000001bc                TPM2_IRQHandler
                0x00000000000001c4                RTC_IRQHandler
                0x00000000000001cc                RTC_Seconds_IRQHandler
                0x00000000000001d4                PIT_IRQHandler
                0x00000000000001dc                Reserved39_IRQHandler
                0x00000000000001e4                USB0_IRQHandler
                0x00000000000001ec                DAC0_IRQHandler
                0x00000000000001f4                TSI0_IRQHandler
                0x00000000000001fc                MCG_IRQHandler
                0x0000000000000204                LPTMR0_IRQHandler
                0x000000000000020c                Reserved45_IRQHandler
                0x0000000000000214                PORTA_IRQHandler
                0x000000000000021c                PORTD_IRQHandler
 .after_vectors.init_data
                0x0000000000000224       0x16 ./startup/startup_mkl25z4.o
                0x0000000000000224                data_init
 .after_vectors.init_bss
                0x000000000000023a       0x14 ./startup/startup_mkl25z4.o
                0x000000000000023a                bss_init
                0x0000000000000400                . = 0x400
 *fill*         0x000000000000024e      0x1b2 ff
                0x0000000000000400                PROVIDE (__FLASH_CONFIG_START__ = .)
 *(SORT_BY_ALIGNMENT(.FlashConfig))
 .FlashConfig   0x0000000000000400       0x10 ./startup/startup_mkl25z4.o
                0x0000000000000400                Flash_Config
                0x0000000000000410                PROVIDE (__FLASH_CONFIG_END__ = .)
                0x0000000000000001                ASSERT (! ((__FLASH_CONFIG_START__ == __FLASH_CONFIG_END__)), Linker Flash Config Support Enabled, but no .FlashConfig section provided within application)
 *(SORT_BY_ALIGNMENT(.text*))
 .text.cbfifo_enqueue
                0x0000000000000410       0x84 ./source/cbfifo.o
                0x0000000000000410                cbfifo_enqueue
 .text.cbfifo_dequeue
                0x0000000000000494       0x90 ./source/cbfifo.o
                0x0000000000000494                cbfifo_dequeue
 .text.cbfifo_length
                0x0000000000000524       0x14 ./source/cbfifo.o
                0x0000000000000524                cbfifo_length
 .text.help_func
                0x0000000000000538       0x40 ./source/command_processor.o
                0x0000000000000538                help_func
 .text.name_func
                0x0000000000000578       0x14 ./source/command_processor.o
                0x0000000000000578                name_func
 .text.toggle_func
                0x000000000000058c       0x50 ./source/command_processor.o
                0x000000000000058c                toggle_func
 .text.shape_func.part.0
                0x00000000000005dc       0x18 ./source/command_processor.o
 .text.shape_func
                0x00000000000005f4       0x6c ./source/command_processor.o
                0x00000000000005f4                shape_func
 .text.draw_func
                0x0000000000000660       0x38 ./source/command_processor.o
                0x0000000000000660                draw_func
 .text.gif_func
                0x0000000000000698       0x20 ./source/command_processor.o
                0x0000000000000698                gif_func
 .text.process_command
                0x00000000000006b8       0x94 ./source/command_processor.o
                0x00000000000006b8                process_command
 .text.compute_rect
                0x000000000000074c       0x50 ./source/display.o
                0x000000000000074c                compute_rect
 .text.compute_square
                0x000000000000079c       0x50 ./source/display.o
                0x000000000000079c                compute_square
 .text.check_animation
                0x00000000000007ec      0x17c ./source/display.o
                0x00000000000007ec                check_animation
 .text.square_display
                0x0000000000000968       0x74 ./source/display.o
                0x0000000000000968                square_display
 .text.rectangle_display
                0x00000000000009dc       0x74 ./source/display.o
                0x00000000000009dc                rectangle_display
 .text.init_i2c
                0x0000000000000a50       0x50 ./source/i2c.o
                0x0000000000000a50                init_i2c
 .text.i2c_busy
                0x0000000000000aa0       0xb4 ./source/i2c.o
                0x0000000000000aa0                i2c_busy
 .text.i2c_wait
                0x0000000000000b54       0x54 ./source/i2c.o
                0x0000000000000b54                i2c_wait
 .text.write_data
                0x0000000000000ba8       0x3c ./source/i2c.o
                0x0000000000000ba8                write_data
 .text.startup.main
                0x0000000000000be4       0x40 ./source/main.o
                0x0000000000000be4                main
 .text.clear_oled
                0x0000000000000c24       0x7c ./source/oled.o
                0x0000000000000c24                clear_oled
 .text.toggle_pixel_oled
                0x0000000000000ca0      0x104 ./source/oled.o
                0x0000000000000ca0                toggle_pixel_oled
 .text.HardFault_Handler
                0x0000000000000da4       0x2c ./source/semihost_hardfault.o
                0x0000000000000da4                HardFault_Handler
 .text.sysclock_init
                0x0000000000000dd0       0x40 ./source/sysclock.o
                0x0000000000000dd0                sysclock_init
 .text.init_uart
                0x0000000000000e10       0xd8 ./source/uart.o
                0x0000000000000e10                init_uart
 .text.UART0_IRQHandler
                0x0000000000000ee8       0x64 ./source/uart.o
                0x0000000000000ee8                UART0_IRQHandler
 .text.__sys_write
                0x0000000000000f4c       0x3c ./source/uart.o
                0x0000000000000f4c                __sys_write
 .text.copy_gets
                0x0000000000000f88       0xb8 ./source/uart.o
                0x0000000000000f88                copy_gets
 .text.UART0_DriverIRQHandler
                0x0000000000001040       0x1c ./drivers/fsl_lpsci.o
                0x0000000000001040                UART0_DriverIRQHandler
 .text.UART1_DriverIRQHandler
                0x000000000000105c       0x1c ./drivers/fsl_uart.o
                0x000000000000105c                UART1_DriverIRQHandler
 .text.UART2_DriverIRQHandler
                0x0000000000001078       0x1c ./drivers/fsl_uart.o
                0x0000000000001078                UART2_DriverIRQHandler
 .text.SystemInit
                0x0000000000001094       0x10 ./CMSIS/system_MKL25Z4.o
                0x0000000000001094                SystemInit
 .text.__filbuf
                0x00000000000010a4      0x188 /usr/local/mcuxpressoide-11.2.0_4120/ide/plugins/com.nxp.mcuxpresso.tools.linux_11.2.0.202001021529/tools/bin/../lib/gcc/arm-none-eabi/9.2.1/../../../../arm-none-eabi/lib/thumb/v6-m/nofp/libcr_c.a(__fillbuf.o)
                0x00000000000010a4                __filbuf
 .text._deferredlazyseek
                0x000000000000122c       0x40 /usr/local/mcuxpressoide-11.2.0_4120/ide/plugins/com.nxp.mcuxpresso.tools.linux_11.2.0.202001021529/tools/bin/../lib/gcc/arm-none-eabi/9.2.1/../../../../arm-none-eabi/lib/thumb/v6-m/nofp/libcr_c.a(_deferredlazyseek.o)
                0x000000000000122c                _deferredlazyseek
 .text.__flsbuf
                0x000000000000126c      0x150 /usr/local/mcuxpressoide-11.2.0_4120/ide/plugins/com.nxp.mcuxpresso.tools.linux_11.2.0.202001021529/tools/bin/../lib/gcc/arm-none-eabi/9.2.1/../../../../arm-none-eabi/lib/thumb/v6-m/nofp/libcr_c.a(_deferredlazyseek.o)
                0x000000000000126c                __flsbuf
 .text._fflush  0x00000000000013bc       0x60 /usr/local/mcuxpressoide-11.2.0_4120/ide/plugins/com.nxp.mcuxpresso.tools.linux_11.2.0.202001021529/tools/bin/../lib/gcc/arm-none-eabi/9.2.1/../../../../arm-none-eabi/lib/thumb/v6-m/nofp/libcr_c.a(_fflush.o)
                0x00000000000013bc                _fflush
 .text._Cwritebuf
                0x000000000000141c       0x68 /usr/local/mcuxpressoide-11.2.0_4120/ide/plugins/com.nxp.mcuxpresso.tools.linux_11.2.0.202001021529/tools/bin/../lib/gcc/arm-none-eabi/9.2.1/../../../../arm-none-eabi/lib/thumb/v6-m/nofp/libcr_c.a(_writebuf.o)
                0x000000000000141c                _Cwritebuf
 .text.malloc   0x0000000000001484       0xd0 /usr/local/mcuxpressoide-11.2.0_4120/ide/plugins/com.nxp.mcuxpresso.tools.linux_11.2.0.202001021529/tools/bin/../lib/gcc/arm-none-eabi/9.2.1/../../../../arm-none-eabi/lib/thumb/v6-m/nofp/libcr_c.a(alloc.o)
                0x0000000000001484                malloc
 .text._Csys_alloc
                0x0000000000001554       0x20 /usr/local/mcuxpressoide-11.2.0_4120/ide/plugins/com.nxp.mcuxpresso.tools.linux_11.2.0.202001021529/tools/bin/../lib/gcc/arm-none-eabi/9.2.1/../../../../arm-none-eabi/lib/thumb/v6-m/nofp/libcr_c.a(alloc.o)
                0x0000000000001554                _Csys_alloc
 .text.fseek    0x0000000000001574       0xf4 /usr/local/mcuxpressoide-11.2.0_4120/ide/plugins/com.nxp.mcuxpresso.tools.linux_11.2.0.202001021529/tools/bin/../lib/gcc/arm-none-eabi/9.2.1/../../../../arm-none-eabi/lib/thumb/v6-m/nofp/libcr_c.a(fseek.o)
                0x0000000000001574                fseek
 .text.ftell    0x0000000000001668       0x48 /usr/local/mcuxpressoide-11.2.0_4120/ide/plugins/com.nxp.mcuxpresso.tools.linux_11.2.0.202001021529/tools/bin/../lib/gcc/arm-none-eabi/9.2.1/../../../../arm-none-eabi/lib/thumb/v6-m/nofp/libcr_c.a(ftell.o)
                0x0000000000001668                ftell
 .text._initio  0x00000000000016b0       0x7c /usr/local/mcuxpressoide-11.2.0_4120/ide/plugins/com.nxp.mcuxpresso.tools.linux_11.2.0.202001021529/tools/bin/../lib/gcc/arm-none-eabi/9.2.1/../../../../arm-none-eabi/lib/thumb/v6-m/nofp/libcr_c.a(initio.o)
                0x00000000000016b0                _initio
 .text.__vfprintf
                0x000000000000172c      0xd40 /usr/local/mcuxpressoide-11.2.0_4120/ide/plugins/com.nxp.mcuxpresso.tools.linux_11.2.0.202001021529/tools/bin/../lib/gcc/arm-none-eabi/9.2.1/../../../../arm-none-eabi/lib/thumb/v6-m/nofp/libcr_c.a(printf.o)
                0x000000000000172c                __vfprintf
 .text._vsnprintf
                0x000000000000246c       0x70 /usr/local/mcuxpressoide-11.2.0_4120/ide/plugins/com.nxp.mcuxpresso.tools.linux_11.2.0.202001021529/tools/bin/../lib/gcc/arm-none-eabi/9.2.1/../../../../arm-none-eabi/lib/thumb/v6-m/nofp/libcr_c.a(printf.o)
                0x000000000000246c                _vsnprintf
 .text._printf  0x00000000000024dc       0x50 /usr/local/mcuxpressoide-11.2.0_4120/ide/plugins/com.nxp.mcuxpresso.tools.linux_11.2.0.202001021529/tools/bin/../lib/gcc/arm-none-eabi/9.2.1/../../../../arm-none-eabi/lib/thumb/v6-m/nofp/libcr_c.a(printf.o)
                0x00000000000024dc                _printf
 .text.setvbuf  0x000000000000252c       0x4c /usr/local/mcuxpressoide-11.2.0_4120/ide/plugins/com.nxp.mcuxpresso.tools.linux_11.2.0.202001021529/tools/bin/../lib/gcc/arm-none-eabi/9.2.1/../../../../arm-none-eabi/lib/thumb/v6-m/nofp/libcr_c.a(setvbuf.o)
                0x000000000000252c                setvbuf
 .text.strlen   0x0000000000002578       0x58 /usr/local/mcuxpressoide-11.2.0_4120/ide/plugins/com.nxp.mcuxpresso.tools.linux_11.2.0.202001021529/tools/bin/../lib/gcc/arm-none-eabi/9.2.1/../../../../arm-none-eabi/lib/thumb/v6-m/nofp/libcr_c.a(strlen.o)
                0x0000000000002578                strlen
 .text._sbrk    0x00000000000025d0       0x44 /usr/local/mcuxpressoide-11.2.0_4120/ide/plugins/com.nxp.mcuxpresso.tools.linux_11.2.0.202001021529/tools/bin/../lib/gcc/arm-none-eabi/9.2.1/../../../../arm-none-eabi/lib/thumb/v6-m/nofp/libcr_c.a(_cr_sbrk.o)
                0x00000000000025d0                _sbrk
 .text._fdopen  0x0000000000002614       0x74 /usr/local/mcuxpressoide-11.2.0_4120/ide/plugins/com.nxp.mcuxpresso.tools.linux_11.2.0.202001021529/tools/bin/../lib/gcc/arm-none-eabi/9.2.1/../../../../arm-none-eabi/lib/thumb/v6-m/nofp/libcr_c.a(_fdopen.o)
                0x0000000000002614                _fdopen
 .text.tolower  0x0000000000002688       0x14 /usr/local/mcuxpressoide-11.2.0_4120/ide/plugins/com.nxp.mcuxpresso.tools.linux_11.2.0.202001021529/tools/bin/../lib/gcc/arm-none-eabi/9.2.1/../../../../arm-none-eabi/lib/thumb/v6-m/nofp/libcr_c.a(ctype.o)
                0x0000000000002688                tolower
 .text.fclose   0x000000000000269c       0x5c /usr/local/mcuxpressoide-11.2.0_4120/ide/plugins/com.nxp.mcuxpresso.tools.linux_11.2.0.202001021529/tools/bin/../lib/gcc/arm-none-eabi/9.2.1/../../../../arm-none-eabi/lib/thumb/v6-m/nofp/libcr_c.a(fclose.o)
                0x000000000000269c                fclose
 .text.fflush   0x00000000000026f8       0x44 /usr/local/mcuxpressoide-11.2.0_4120/ide/plugins/com.nxp.mcuxpresso.tools.linux_11.2.0.202001021529/tools/bin/../lib/gcc/arm-none-eabi/9.2.1/../../../../arm-none-eabi/lib/thumb/v6-m/nofp/libcr_c.a(fflush.o)
                0x00000000000026f8                fflush
 .text.__check_heap_overflow
                0x000000000000273c       0x14 /usr/local/mcuxpressoide-11.2.0_4120/ide/plugins/com.nxp.mcuxpresso.tools.linux_11.2.0.202001021529/tools/bin/../lib/gcc/arm-none-eabi/9.2.1/../../../../arm-none-eabi/lib/thumb/v6-m/nofp/libcr_c.a(_cr_check_heap.o)
                0x000000000000273c                __check_heap_overflow
 .text._do_fflush
                0x0000000000002750       0x48 /usr/local/mcuxpressoide-11.2.0_4120/ide/plugins/com.nxp.mcuxpresso.tools.linux_11.2.0.202001021529/tools/bin/../lib/gcc/arm-none-eabi/9.2.1/../../../../arm-none-eabi/lib/thumb/v6-m/nofp/libcr_c.a(_do_fflush.o)
                0x0000000000002750                _do_fflush
 .text.clear_func
                0x0000000000002798        0x8 ./source/command_processor.o
                0x0000000000002798                clear_func
 .text.fill_func
                0x00000000000027a0        0x8 ./source/command_processor.o
                0x00000000000027a0                fill_func
 .text.generate_buffer
                0x00000000000027a8       0x5a ./source/display.o
                0x00000000000027a8                generate_buffer
 .text.init_buffers
                0x0000000000002802        0xc ./source/display.o
                0x0000000000002802                init_buffers
 .text.shape_display_image
                0x000000000000280e       0x92 ./source/display.o
                0x000000000000280e                shape_display_image
 .text.draw_square
                0x00000000000028a0       0x48 ./source/display.o
                0x00000000000028a0                draw_square
 .text.draw_rectangle
                0x00000000000028e8       0x48 ./source/display.o
                0x00000000000028e8                draw_rectangle
 .text.char_to_int
                0x0000000000002930       0x2a ./source/hexdump.o
                0x0000000000002930                char_to_int
 .text.init_oled
                0x000000000000295a      0x102 ./source/oled.o
                0x000000000000295a                init_oled
 .text.fill_oled
                0x0000000000002a5c       0x6a ./source/oled.o
                0x0000000000002a5c                fill_oled
 .text.send_animation_buff
                0x0000000000002ac6       0x74 ./source/oled.o
                0x0000000000002ac6                send_animation_buff
 .text.__sys_readc
                0x0000000000002b3a       0x1e ./source/uart.o
                0x0000000000002b3a                __sys_readc
 .text.__main   0x0000000000002b58        0xc /usr/local/mcuxpressoide-11.2.0_4120/ide/plugins/com.nxp.mcuxpresso.tools.linux_11.2.0.202001021529/tools/bin/../lib/gcc/arm-none-eabi/9.2.1/../../../../arm-none-eabi/lib/thumb/v6-m/nofp/libcr_nohost_nf.a(_cr__main.o)
                0x0000000000002b58                __main
 .text.memset   0x0000000000002b64        0x8 /usr/local/mcuxpressoide-11.2.0_4120/ide/plugins/com.nxp.mcuxpresso.tools.linux_11.2.0.202001021529/tools/bin/../lib/gcc/arm-none-eabi/9.2.1/../../../../arm-none-eabi/lib/thumb/v6-m/nofp/libcr_c.a(memset.o)
                0x0000000000002b64                memset
 .text._Csys_read_
                0x0000000000002b6c       0x24 /usr/local/mcuxpressoide-11.2.0_4120/ide/plugins/com.nxp.mcuxpresso.tools.linux_11.2.0.202001021529/tools/bin/../lib/gcc/arm-none-eabi/9.2.1/../../../../arm-none-eabi/lib/thumb/v6-m/nofp/libcr_c.a(__fillbuf.o)
                0x0000000000002b6c                _Csys_read_
 .text.free     0x0000000000002b90       0x2c /usr/local/mcuxpressoide-11.2.0_4120/ide/plugins/com.nxp.mcuxpresso.tools.linux_11.2.0.202001021529/tools/bin/../lib/gcc/arm-none-eabi/9.2.1/../../../../arm-none-eabi/lib/thumb/v6-m/nofp/libcr_c.a(alloc.o)
                0x0000000000002b90                free
 .text.no_fp_display
                0x0000000000002bbc        0x4 /usr/local/mcuxpressoide-11.2.0_4120/ide/plugins/com.nxp.mcuxpresso.tools.linux_11.2.0.202001021529/tools/bin/../lib/gcc/arm-none-eabi/9.2.1/../../../../arm-none-eabi/lib/thumb/v6-m/nofp/libcr_c.a(printf.o)
 .text.strcasecmp
                0x0000000000002bc0       0x32 /usr/local/mcuxpressoide-11.2.0_4120/ide/plugins/com.nxp.mcuxpresso.tools.linux_11.2.0.202001021529/tools/bin/../lib/gcc/arm-none-eabi/9.2.1/../../../../arm-none-eabi/lib/thumb/v6-m/nofp/libcr_c.a(strcasecmp.o)
                0x0000000000002bc0                strcasecmp
 .text.remove   0x0000000000002bf2       0x12 /usr/local/mcuxpressoide-11.2.0_4120/ide/plugins/com.nxp.mcuxpresso.tools.linux_11.2.0.202001021529/tools/bin/../lib/gcc/arm-none-eabi/9.2.1/../../../../arm-none-eabi/lib/thumb/v6-m/nofp/libcr_c.a(remove.o)
                0x0000000000002bf2                remove
 .text.__aeabi_llong_lmul
                0x0000000000002c04       0x2e /usr/local/mcuxpressoide-11.2.0_4120/ide/plugins/com.nxp.mcuxpresso.tools.linux_11.2.0.202001021529/tools/bin/../lib/gcc/arm-none-eabi/9.2.1/thumb/v6-m/nofp/libcr_eabihelpers.a(llong.o)
                0x0000000000002c04                __aeabi_lmul
 .text.__aeabi_memset_lowlevel
                0x0000000000002c32       0x2a /usr/local/mcuxpressoide-11.2.0_4120/ide/plugins/com.nxp.mcuxpresso.tools.linux_11.2.0.202001021529/tools/bin/../lib/gcc/arm-none-eabi/9.2.1/thumb/v6-m/nofp/libcr_eabihelpers.a(memcpy.o)
                0x0000000000002c32                __aeabi_lowlevel_memset
 .text.__gnu_thumb1_case_shi
                0x0000000000002c5c       0x10 /usr/local/mcuxpressoide-11.2.0_4120/ide/plugins/com.nxp.mcuxpresso.tools.linux_11.2.0.202001021529/tools/bin/../lib/gcc/arm-none-eabi/9.2.1/thumb/v6-m/nofp/libcr_eabihelpers.a(thumb1_switch_helpers.o)
                0x0000000000002c5c                __gnu_thumb1_case_shi
 .text.__sys_appexit
                0x0000000000002c6c        0x2 /usr/local/mcuxpressoide-11.2.0_4120/ide/plugins/com.nxp.mcuxpresso.tools.linux_11.2.0.202001021529/tools/bin/../lib/gcc/arm-none-eabi/9.2.1/../../../../arm-none-eabi/lib/thumb/v6-m/nofp/libcr_nohost_nf.a(__sys_appexit.o)
                0x0000000000002c6c                __exit
                0x0000000000002c6c                __sys_appexit
 .text.__sys_close
                0x0000000000002c6e        0x6 /usr/local/mcuxpressoide-11.2.0_4120/ide/plugins/com.nxp.mcuxpresso.tools.linux_11.2.0.202001021529/tools/bin/../lib/gcc/arm-none-eabi/9.2.1/../../../../arm-none-eabi/lib/thumb/v6-m/nofp/libcr_nohost_nf.a(__sys_close.o)
                0x0000000000002c6e                __sys_close
 .text.__sys_flen
                0x0000000000002c74        0x6 /usr/local/mcuxpressoide-11.2.0_4120/ide/plugins/com.nxp.mcuxpresso.tools.linux_11.2.0.202001021529/tools/bin/../lib/gcc/arm-none-eabi/9.2.1/../../../../arm-none-eabi/lib/thumb/v6-m/nofp/libcr_nohost_nf.a(__sys_flen.o)
                0x0000000000002c74                __sys_flen
 .text.__sys_istty
                0x0000000000002c7a        0x6 /usr/local/mcuxpressoide-11.2.0_4120/ide/plugins/com.nxp.mcuxpresso.tools.linux_11.2.0.202001021529/tools/bin/../lib/gcc/arm-none-eabi/9.2.1/../../../../arm-none-eabi/lib/thumb/v6-m/nofp/libcr_nohost_nf.a(__sys_istty.o)
                0x0000000000002c7a                __sys_istty
 .text.__sys_read
                0x0000000000002c80        0x4 /usr/local/mcuxpressoide-11.2.0_4120/ide/plugins/com.nxp.mcuxpresso.tools.linux_11.2.0.202001021529/tools/bin/../lib/gcc/arm-none-eabi/9.2.1/../../../../arm-none-eabi/lib/thumb/v6-m/nofp/libcr_nohost_nf.a(__sys_read.o)
                0x0000000000002c80                __sys_read
 .text.__sys_remove
                0x0000000000002c84        0x6 /usr/local/mcuxpressoide-11.2.0_4120/ide/plugins/com.nxp.mcuxpresso.tools.linux_11.2.0.202001021529/tools/bin/../lib/gcc/arm-none-eabi/9.2.1/../../../../arm-none-eabi/lib/thumb/v6-m/nofp/libcr_nohost_nf.a(__sys_remove.o)
                0x0000000000002c84                __sys_remove
 .text.__sys_seek
                0x0000000000002c8a        0x6 /usr/local/mcuxpressoide-11.2.0_4120/ide/plugins/com.nxp.mcuxpresso.tools.linux_11.2.0.202001021529/tools/bin/../lib/gcc/arm-none-eabi/9.2.1/../../../../arm-none-eabi/lib/thumb/v6-m/nofp/libcr_nohost_nf.a(__sys_seek.o)
                0x0000000000002c8a                __sys_seek
 .text.__sys_tmpnam
                0x0000000000002c90        0x6 /usr/local/mcuxpressoide-11.2.0_4120/ide/plugins/com.nxp.mcuxpresso.tools.linux_11.2.0.202001021529/tools/bin/../lib/gcc/arm-none-eabi/9.2.1/../../../../arm-none-eabi/lib/thumb/v6-m/nofp/libcr_nohost_nf.a(__sys_tmpnam.o)
                0x0000000000002c90                __sys_tmpnam
 *(SORT_BY_ALIGNMENT(.rodata) SORT_BY_ALIGNMENT(.rodata.*) SORT_BY_ALIGNMENT(.constdata) SORT_BY_ALIGNMENT(.constdata.*))
 *fill*         0x0000000000002c96        0x2 ff
 .rodata.commands
                0x0000000000002c98       0x6c ./source/command_processor.o
 .rodata.__num_Ciob_streams
                0x0000000000002d04        0x4 /usr/local/mcuxpressoide-11.2.0_4120/ide/plugins/com.nxp.mcuxpresso.tools.linux_11.2.0.202001021529/tools/bin/../lib/gcc/arm-none-eabi/9.2.1/../../../../arm-none-eabi/lib/thumb/v6-m/nofp/libcr_nohost_nf.a(__ciob.o)
                0x0000000000002d04                __num_Ciob_streams
 .rodata.help_func.str1.1
                0x0000000000002d08       0x51 ./source/command_processor.o
                                         0x59 (size before relaxing)
 .rodata.name_func.str1.1
                0x0000000000002d59        0xe ./source/command_processor.o
 .rodata.toggle_func.str1.1
                0x0000000000002d67       0x17 ./source/command_processor.o
 .rodata.shape_func.part.0.str1.1
                0x0000000000002d7e       0x4c ./source/command_processor.o
 .rodata.shape_func.str1.1
                0x0000000000002dca       0x1b ./source/command_processor.o
 .rodata.gif_func.str1.1
                0x0000000000002de5        0xa ./source/command_processor.o
 .rodata.process_command.str1.1
                0x0000000000002def       0x16 ./source/command_processor.o
 .rodata.str1.1
                0x0000000000002e05      0x588 ./source/command_processor.o
 .rodata.shape_fish_32
                0x000000000000338d      0x100 ./source/command_processor.o
 .rodata.shape_oval
                0x000000000000348d      0x100 ./source/command_processor.o
 .rodata.check_gif_0
                0x000000000000358d      0x100 ./source/display.o
                0x000000000000358d                check_gif_0
 .rodata.check_gif_1
                0x000000000000368d      0x100 ./source/display.o
                0x000000000000368d                check_gif_1
 .rodata.check_gif_10
                0x000000000000378d      0x100 ./source/display.o
                0x000000000000378d                check_gif_10
 .rodata.check_gif_11
                0x000000000000388d      0x100 ./source/display.o
                0x000000000000388d                check_gif_11
 .rodata.check_gif_12
                0x000000000000398d      0x100 ./source/display.o
                0x000000000000398d                check_gif_12
 .rodata.check_gif_13
                0x0000000000003a8d      0x100 ./source/display.o
                0x0000000000003a8d                check_gif_13
 .rodata.check_gif_14
                0x0000000000003b8d      0x100 ./source/display.o
                0x0000000000003b8d                check_gif_14
 .rodata.check_gif_15
                0x0000000000003c8d      0x100 ./source/display.o
                0x0000000000003c8d                check_gif_15
 .rodata.check_gif_16
                0x0000000000003d8d      0x100 ./source/display.o
                0x0000000000003d8d                check_gif_16
 .rodata.check_gif_17
                0x0000000000003e8d      0x100 ./source/display.o
                0x0000000000003e8d                check_gif_17
 .rodata.check_gif_18
                0x0000000000003f8d      0x100 ./source/display.o
                0x0000000000003f8d                check_gif_18
 .rodata.check_gif_19
                0x000000000000408d      0x100 ./source/display.o
                0x000000000000408d                check_gif_19
 .rodata.check_gif_2
                0x000000000000418d      0x100 ./source/display.o
                0x000000000000418d                check_gif_2
 .rodata.check_gif_20
                0x000000000000428d      0x100 ./source/display.o
                0x000000000000428d                check_gif_20
 .rodata.check_gif_21
                0x000000000000438d      0x100 ./source/display.o
                0x000000000000438d                check_gif_21
 .rodata.check_gif_22
                0x000000000000448d      0x100 ./source/display.o
                0x000000000000448d                check_gif_22
 .rodata.check_gif_23
                0x000000000000458d      0x100 ./source/display.o
                0x000000000000458d                check_gif_23
 .rodata.check_gif_24
                0x000000000000468d      0x100 ./source/display.o
                0x000000000000468d                check_gif_24
 .rodata.check_gif_25
                0x000000000000478d      0x100 ./source/display.o
                0x000000000000478d                check_gif_25
 .rodata.check_gif_26
                0x000000000000488d      0x100 ./source/display.o
                0x000000000000488d                check_gif_26
 .rodata.check_gif_27
                0x000000000000498d      0x100 ./source/display.o
                0x000000000000498d                check_gif_27
 .rodata.check_gif_28
                0x0000000000004a8d      0x100 ./source/display.o
                0x0000000000004a8d                check_gif_28
 .rodata.check_gif_3
                0x0000000000004b8d      0x100 ./source/display.o
                0x0000000000004b8d                check_gif_3
 .rodata.check_gif_4
                0x0000000000004c8d      0x100 ./source/display.o
                0x0000000000004c8d                check_gif_4
 .rodata.check_gif_5
                0x0000000000004d8d      0x100 ./source/display.o
                0x0000000000004d8d                check_gif_5
 .rodata.check_gif_6
                0x0000000000004e8d      0x100 ./source/display.o
                0x0000000000004e8d                check_gif_6
 .rodata.check_gif_7
                0x0000000000004f8d      0x100 ./source/display.o
                0x0000000000004f8d                check_gif_7
 .rodata.check_gif_8
                0x000000000000508d      0x100 ./source/display.o
                0x000000000000508d                check_gif_8
 .rodata.check_gif_9
                0x000000000000518d      0x100 ./source/display.o
                0x000000000000518d                check_gif_9
 .rodata.main.str1.1
                0x000000000000528d       0x22 ./source/main.o
 .rodata.toggle_pixel_oled.str1.1
                0x00000000000052af       0x30 ./source/oled.o
                                         0x40 (size before relaxing)
 .rodata.copy_gets.str1.1
                0x00000000000052df        0x3 ./source/uart.o
 .rodata._Csys_alloc.str1.1
                0x00000000000052df       0x18 /usr/local/mcuxpressoide-11.2.0_4120/ide/plugins/com.nxp.mcuxpresso.tools.linux_11.2.0.202001021529/tools/bin/../lib/gcc/arm-none-eabi/9.2.1/../../../../arm-none-eabi/lib/thumb/v6-m/nofp/libcr_c.a(alloc.o)
 .rodata._initio.str1.1
                0x00000000000052f7       0x18 /usr/local/mcuxpressoide-11.2.0_4120/ide/plugins/com.nxp.mcuxpresso.tools.linux_11.2.0.202001021529/tools/bin/../lib/gcc/arm-none-eabi/9.2.1/../../../../arm-none-eabi/lib/thumb/v6-m/nofp/libcr_c.a(initio.o)
                                          0x4 (size before relaxing)
 .rodata.__vfprintf.str1.1
                0x00000000000052f7       0x35 /usr/local/mcuxpressoide-11.2.0_4120/ide/plugins/com.nxp.mcuxpresso.tools.linux_11.2.0.202001021529/tools/bin/../lib/gcc/arm-none-eabi/9.2.1/../../../../arm-none-eabi/lib/thumb/v6-m/nofp/libcr_c.a(printf.o)
                                         0x38 (size before relaxing)
 .rodata.__ctype
                0x000000000000532c      0x180 /usr/local/mcuxpressoide-11.2.0_4120/ide/plugins/com.nxp.mcuxpresso.tools.linux_11.2.0.202001021529/tools/bin/../lib/gcc/arm-none-eabi/9.2.1/../../../../arm-none-eabi/lib/thumb/v6-m/nofp/libcr_c.a(ctype.o)
                0x000000000000532c                __ctype
                0x00000000000054ac                . = ALIGN (0x4)

.glue_7         0x00000000000054ac        0x0
 .glue_7        0x00000000000054ac        0x0 linker stubs

.glue_7t        0x00000000000054ac        0x0
 .glue_7t       0x00000000000054ac        0x0 linker stubs

.vfp11_veneer   0x00000000000054ac        0x0
 .vfp11_veneer  0x00000000000054ac        0x0 linker stubs

.v4_bx          0x00000000000054ac        0x0
 .v4_bx         0x00000000000054ac        0x0 linker stubs

.iplt           0x00000000000054ac        0x0
 .iplt          0x00000000000054ac        0x0 ./startup/startup_mkl25z4.o

.rel.dyn        0x00000000000054ac        0x0
 .rel.iplt      0x00000000000054ac        0x0 ./startup/startup_mkl25z4.o

.ARM.extab
 *(SORT_BY_ALIGNMENT(.ARM.extab*) SORT_BY_ALIGNMENT(.gnu.linkonce.armextab.*))

.ARM.exidx      0x00000000000054ac        0x0
                0x00000000000054ac                __exidx_start = .
 *(SORT_BY_ALIGNMENT(.ARM.exidx*) SORT_BY_ALIGNMENT(.gnu.linkonce.armexidx.*))
                0x00000000000054ac                __exidx_end = .
                0x00000000000054ac                _etext = .

.m_usb_data
 *(SORT_BY_ALIGNMENT(m_usb_bdt))

.mtb_buffer_default
                0x000000001ffff000       0x80
 *(SORT_BY_ALIGNMENT(.mtb*))
 .mtb.$RAM1     0x000000001ffff000       0x80 ./source/mtb.o
                0x000000001ffff000                __mtb_buffer__

.uninit_RESERVED
                0x000000001ffff080        0x0
                0x000000001ffff080                _start_uninit_RESERVED = .
 *(SORT_BY_ALIGNMENT(.bss.$RESERVED*))
                0x000000001ffff080                . = ALIGN (0x4)
                0x000000001ffff080                _end_uninit_RESERVED = .

.data           0x000000001ffff080        0x0 load address 0x00000000000054ac
 FILL mask 0xff
                0x000000001ffff080                _data = .
                [!provide]                        PROVIDE (__start_data_RAM = .)
                [!provide]                        PROVIDE (__start_data_SRAM = .)
 *(SORT_BY_ALIGNMENT(vtable))
 *(SORT_BY_ALIGNMENT(.ramfunc*))
 *(SORT_BY_ALIGNMENT(CodeQuickAccess))
 *(SORT_BY_ALIGNMENT(DataQuickAccess))
 *(SORT_BY_ALIGNMENT(RamFunction))
 *(SORT_BY_ALIGNMENT(.data*))
                0x000000001ffff080                . = ALIGN (0x4)
                0x000000001ffff080                _edata = .
                [!provide]                        PROVIDE (__end_data_RAM = .)
                [!provide]                        PROVIDE (__end_data_SRAM = .)

.igot.plt       0x000000001ffff080        0x0 load address 0x00000000000054ac
 .igot.plt      0x000000001ffff080        0x0 ./startup/startup_mkl25z4.o

.bss            0x000000001ffff080     0x1af0
                0x000000001ffff080                _bss = .
                [!provide]                        PROVIDE (__start_bss_RAM = .)
                [!provide]                        PROVIDE (__start_bss_SRAM = .)
 *(SORT_BY_ALIGNMENT(.bss*))
 .bss.FIFOS     0x000000001ffff080      0x210 ./source/cbfifo.o
                0x000000001ffff080                FIFOS
 .bss.i2c_lock  0x000000001ffff290        0x4 ./source/i2c.o
                0x000000001ffff290                i2c_lock
 .bss.lock_detect
                0x000000001ffff294        0x4 ./source/i2c.o
                0x000000001ffff294                lock_detect
 .bss.s_lpsciHandle
                0x000000001ffff298        0x4 ./drivers/fsl_lpsci.o
 .bss.s_lpsciIsr
                0x000000001ffff29c        0x4 ./drivers/fsl_lpsci.o
 .bss.s_uartHandle
                0x000000001ffff2a0        0xc ./drivers/fsl_uart.o
 .bss.s_uartIsr
                0x000000001ffff2ac        0x4 ./drivers/fsl_uart.o
 .bss.__Ciob    0x000000001ffff2b0       0xb4 /usr/local/mcuxpressoide-11.2.0_4120/ide/plugins/com.nxp.mcuxpresso.tools.linux_11.2.0.202001021529/tools/bin/../lib/gcc/arm-none-eabi/9.2.1/../../../../arm-none-eabi/lib/thumb/v6-m/nofp/libcr_nohost_nf.a(__ciob.o)
                0x000000001ffff2b0                __Ciob
 .bss.__end_of_heap
                0x000000001ffff364        0x4 /usr/local/mcuxpressoide-11.2.0_4120/ide/plugins/com.nxp.mcuxpresso.tools.linux_11.2.0.202001021529/tools/bin/../lib/gcc/arm-none-eabi/9.2.1/../../../../arm-none-eabi/lib/thumb/v6-m/nofp/libcr_c.a(__init_alloc.o)
                0x000000001ffff364                __end_of_heap
 .bss.__heaps   0x000000001ffff368        0x4 /usr/local/mcuxpressoide-11.2.0_4120/ide/plugins/com.nxp.mcuxpresso.tools.linux_11.2.0.202001021529/tools/bin/../lib/gcc/arm-none-eabi/9.2.1/../../../../arm-none-eabi/lib/thumb/v6-m/nofp/libcr_c.a(__init_alloc.o)
                0x000000001ffff368                __heaps
 .bss.errno     0x000000001ffff36c        0x4 /usr/local/mcuxpressoide-11.2.0_4120/ide/plugins/com.nxp.mcuxpresso.tools.linux_11.2.0.202001021529/tools/bin/../lib/gcc/arm-none-eabi/9.2.1/../../../../arm-none-eabi/lib/thumb/v6-m/nofp/libcr_c.a(errno.o)
                0x000000001ffff36c                errno
 .bss.rect_buff
                0x000000001ffff370      0x800 ./source/display.o
                0x000000001ffff370                rect_buff
 .bss.square_buff
                0x000000001ffffb70      0x800 ./source/display.o
                0x000000001ffffb70                square_buff
 .bss.table_pixel
                0x0000000020000370      0x800 ./source/oled.o
                0x0000000020000370                table_pixel
 *(SORT_BY_ALIGNMENT(COMMON))
                0x0000000020000b70                . = ALIGN (0x4)
                0x0000000020000b70                _ebss = .
                [!provide]                        PROVIDE (__end_bss_RAM = .)
                [!provide]                        PROVIDE (__end_bss_SRAM = .)
                [!provide]                        PROVIDE (end = .)

.noinit         0x0000000020000b70        0x0
                0x0000000020000b70                _noinit = .
                [!provide]                        PROVIDE (__start_noinit_RAM = .)
                [!provide]                        PROVIDE (__start_noinit_SRAM = .)
 *(SORT_BY_ALIGNMENT(.noinit*))
                0x0000000020000b70                . = ALIGN (0x4)
                0x0000000020000b70                _end_noinit = .
                [!provide]                        PROVIDE (__end_noinit_RAM = .)
                [!provide]                        PROVIDE (__end_noinit_SRAM = .)
                0x0000000000000400                _HeapSize = 0x400

.heap           0x0000000020000b70      0x400
                0x0000000020000b70                _pvHeapStart = .
                0x0000000020000f70                . = (. + _HeapSize)
 *fill*         0x0000000020000b70      0x400 
                0x0000000020000f70                . = ALIGN (0x4)
                0x0000000020000f70                _pvHeapLimit = .
                0x0000000000000400                _StackSize = 0x400

.heap2stackfill
                0x0000000020000f70      0x400
                0x0000000020001370                . = (. + _StackSize)
 *fill*         0x0000000020000f70      0x400 

.stack          0x0000000020002c00        0x0
                0x0000000020002c00                _vStackBase = .
                0x0000000020002c00                . = ALIGN (0x4)
                0x0000000020003000                _vStackTop = (. + _StackSize)
                0x0000000000000000                _image_start = LOADADDR (.text)
                0x00000000000054ac                _image_end = (LOADADDR (.data) + SIZEOF (.data))
                0x00000000000054ac                _image_size = (_image_end - _image_start)
OUTPUT(Final_Project_PES.axf elf32-littlearm)

.debug_info     0x0000000000000000     0x8a6d
 .debug_info    0x0000000000000000      0x69d ./startup/startup_mkl25z4.o
 .debug_info    0x000000000000069d      0x922 ./source/cbfifo.o
 .debug_info    0x0000000000000fbf      0x908 ./source/command_processor.o
 .debug_info    0x00000000000018c7     0x12a4 ./source/display.o
 .debug_info    0x0000000000002b6b      0x3db ./source/hexdump.o
 .debug_info    0x0000000000002f46      0x4e1 ./source/i2c.o
 .debug_info    0x0000000000003427      0x32b ./source/main.o
 .debug_info    0x0000000000003752       0x4f ./source/mtb.o
 .debug_info    0x00000000000037a1      0xb36 ./source/oled.o
 .debug_info    0x00000000000042d7       0x38 ./source/semihost_hardfault.o
 .debug_info    0x000000000000430f      0x1e0 ./source/sysclock.o
 .debug_info    0x00000000000044ef      0xb5e ./source/uart.o
 .debug_info    0x000000000000504d     0x1b35 ./drivers/fsl_lpsci.o
 .debug_info    0x0000000000006b82     0x1aac ./drivers/fsl_uart.o
 .debug_info    0x000000000000862e      0x43f ./CMSIS/system_MKL25Z4.o

.debug_abbrev   0x0000000000000000     0x1ea6
 .debug_abbrev  0x0000000000000000      0x155 ./startup/startup_mkl25z4.o
 .debug_abbrev  0x0000000000000155      0x342 ./source/cbfifo.o
 .debug_abbrev  0x0000000000000497      0x22e ./source/command_processor.o
 .debug_abbrev  0x00000000000006c5      0x2f8 ./source/display.o
 .debug_abbrev  0x00000000000009bd      0x174 ./source/hexdump.o
 .debug_abbrev  0x0000000000000b31      0x191 ./source/i2c.o
 .debug_abbrev  0x0000000000000cc2      0x122 ./source/main.o
 .debug_abbrev  0x0000000000000de4       0x43 ./source/mtb.o
 .debug_abbrev  0x0000000000000e27      0x1fb ./source/oled.o
 .debug_abbrev  0x0000000000001022       0x2e ./source/semihost_hardfault.o
 .debug_abbrev  0x0000000000001050       0xec ./source/sysclock.o
 .debug_abbrev  0x000000000000113c      0x2cc ./source/uart.o
 .debug_abbrev  0x0000000000001408      0x4a7 ./drivers/fsl_lpsci.o
 .debug_abbrev  0x00000000000018af      0x4a1 ./drivers/fsl_uart.o
 .debug_abbrev  0x0000000000001d50      0x156 ./CMSIS/system_MKL25Z4.o

.debug_loc      0x0000000000000000     0x3c6a
 .debug_loc     0x0000000000000000      0x234 ./startup/startup_mkl25z4.o
 .debug_loc     0x0000000000000234      0x60d ./source/cbfifo.o
 .debug_loc     0x0000000000000841      0x3e6 ./source/command_processor.o
 .debug_loc     0x0000000000000c27      0x296 ./source/display.o
 .debug_loc     0x0000000000000ebd      0x2c5 ./source/hexdump.o
 .debug_loc     0x0000000000001182       0x6f ./source/i2c.o
 .debug_loc     0x00000000000011f1       0x23 ./source/main.o
 .debug_loc     0x0000000000001214      0x2b4 ./source/oled.o
 .debug_loc     0x00000000000014c8      0x1b2 ./source/uart.o
 .debug_loc     0x000000000000167a     0x1302 ./drivers/fsl_lpsci.o
 .debug_loc     0x000000000000297c     0x1235 ./drivers/fsl_uart.o
 .debug_loc     0x0000000000003bb1       0xb9 ./CMSIS/system_MKL25Z4.o

.debug_aranges  0x0000000000000000      0x5d8
 .debug_aranges
                0x0000000000000000      0x160 ./startup/startup_mkl25z4.o
 .debug_aranges
                0x0000000000000160       0x40 ./source/cbfifo.o
 .debug_aranges
                0x00000000000001a0       0x68 ./source/command_processor.o
 .debug_aranges
                0x0000000000000208       0x68 ./source/display.o
 .debug_aranges
                0x0000000000000270       0x30 ./source/hexdump.o
 .debug_aranges
                0x00000000000002a0       0x38 ./source/i2c.o
 .debug_aranges
                0x00000000000002d8       0x20 ./source/main.o
 .debug_aranges
                0x00000000000002f8       0x18 ./source/mtb.o
 .debug_aranges
                0x0000000000000310       0x48 ./source/oled.o
 .debug_aranges
                0x0000000000000358       0x20 ./source/semihost_hardfault.o
 .debug_aranges
                0x0000000000000378       0x20 ./source/sysclock.o
 .debug_aranges
                0x0000000000000398       0x40 ./source/uart.o
 .debug_aranges
                0x00000000000003d8       0xe0 ./drivers/fsl_lpsci.o
 .debug_aranges
                0x00000000000004b8       0xf8 ./drivers/fsl_uart.o
 .debug_aranges
                0x00000000000005b0       0x28 ./CMSIS/system_MKL25Z4.o

.debug_ranges   0x0000000000000000      0x7a0
 .debug_ranges  0x0000000000000000      0x150 ./startup/startup_mkl25z4.o
 .debug_ranges  0x0000000000000150       0xa0 ./source/cbfifo.o
 .debug_ranges  0x00000000000001f0       0x88 ./source/command_processor.o
 .debug_ranges  0x0000000000000278       0xc8 ./source/display.o
 .debug_ranges  0x0000000000000340       0x40 ./source/hexdump.o
 .debug_ranges  0x0000000000000380       0x28 ./source/i2c.o
 .debug_ranges  0x00000000000003a8       0x10 ./source/main.o
 .debug_ranges  0x00000000000003b8       0xc0 ./source/oled.o
 .debug_ranges  0x0000000000000478       0x10 ./source/semihost_hardfault.o
 .debug_ranges  0x0000000000000488       0x10 ./source/sysclock.o
 .debug_ranges  0x0000000000000498       0x78 ./source/uart.o
 .debug_ranges  0x0000000000000510      0x130 ./drivers/fsl_lpsci.o
 .debug_ranges  0x0000000000000640      0x148 ./drivers/fsl_uart.o
 .debug_ranges  0x0000000000000788       0x18 ./CMSIS/system_MKL25Z4.o

.debug_line     0x0000000000000000     0x4f4d
 .debug_line    0x0000000000000000      0x3cb ./startup/startup_mkl25z4.o
 .debug_line    0x00000000000003cb      0x620 ./source/cbfifo.o
 .debug_line    0x00000000000009eb      0x54b ./source/command_processor.o
 .debug_line    0x0000000000000f36      0x69e ./source/display.o
 .debug_line    0x00000000000015d4      0x34f ./source/hexdump.o
 .debug_line    0x0000000000001923      0x3a4 ./source/i2c.o
 .debug_line    0x0000000000001cc7      0x286 ./source/main.o
 .debug_line    0x0000000000001f4d       0x30 ./source/mtb.o
 .debug_line    0x0000000000001f7d      0x4a8 ./source/oled.o
 .debug_line    0x0000000000002425       0x5a ./source/semihost_hardfault.o
 .debug_line    0x000000000000247f      0x20e ./source/sysclock.o
 .debug_line    0x000000000000268d      0x542 ./source/uart.o
 .debug_line    0x0000000000002bcf     0x104d ./drivers/fsl_lpsci.o
 .debug_line    0x0000000000003c1c     0x1022 ./drivers/fsl_uart.o
 .debug_line    0x0000000000004c3e      0x30f ./CMSIS/system_MKL25Z4.o

.debug_str      0x0000000000000000     0x2abd
 .debug_str     0x0000000000000000      0x4d0 ./startup/startup_mkl25z4.o
                                        0x4e3 (size before relaxing)
 .debug_str     0x00000000000004d0      0x292 ./source/cbfifo.o
                                        0x403 (size before relaxing)
 .debug_str     0x0000000000000762      0x1a8 ./source/command_processor.o
                                        0x478 (size before relaxing)
 .debug_str     0x000000000000090a      0x219 ./source/display.o
                                        0x4c7 (size before relaxing)
 .debug_str     0x0000000000000b23       0x3c ./source/hexdump.o
                                        0x319 (size before relaxing)
 .debug_str     0x0000000000000b5f      0x14c ./source/i2c.o
                                        0x356 (size before relaxing)
 .debug_str     0x0000000000000cab       0x53 ./source/main.o
                                        0x33c (size before relaxing)
 .debug_str     0x0000000000000cfe       0x1f ./source/mtb.o
                                        0x15b (size before relaxing)
 .debug_str     0x0000000000000d1d       0x2c ./source/oled.o
                                        0x37b (size before relaxing)
 .debug_str     0x0000000000000d49       0x1f ./source/semihost_hardfault.o
                                        0x15b (size before relaxing)
 .debug_str     0x0000000000000d68       0x2a ./source/sysclock.o
                                        0x248 (size before relaxing)
 .debug_str     0x0000000000000d92      0x2c2 ./source/uart.o
                                        0x6f3 (size before relaxing)
 .debug_str     0x0000000000001054     0x113f ./drivers/fsl_lpsci.o
                                       0x15cb (size before relaxing)
 .debug_str     0x0000000000002193      0x8e6 ./drivers/fsl_uart.o
                                       0x15d7 (size before relaxing)
 .debug_str     0x0000000000002a79       0x44 ./CMSIS/system_MKL25Z4.o
                                        0x33d (size before relaxing)

.comment        0x0000000000000000       0x79
 .comment       0x0000000000000000       0x79 ./startup/startup_mkl25z4.o
                                         0x7a (size before relaxing)
 .comment       0x0000000000000079       0x7a ./source/cbfifo.o
 .comment       0x0000000000000079       0x7a ./source/command_processor.o
 .comment       0x0000000000000079       0x7a ./source/display.o
 .comment       0x0000000000000079       0x7a ./source/hexdump.o
 .comment       0x0000000000000079       0x7a ./source/i2c.o
 .comment       0x0000000000000079       0x7a ./source/main.o
 .comment       0x0000000000000079       0x7a ./source/mtb.o
 .comment       0x0000000000000079       0x7a ./source/oled.o
 .comment       0x0000000000000079       0x7a ./source/semihost_hardfault.o
 .comment       0x0000000000000079       0x7a ./source/sysclock.o
 .comment       0x0000000000000079       0x7a ./source/uart.o
 .comment       0x0000000000000079       0x7a ./drivers/fsl_lpsci.o
 .comment       0x0000000000000079       0x7a ./drivers/fsl_uart.o
 .comment       0x0000000000000079       0x7a ./CMSIS/system_MKL25Z4.o
 .comment       0x0000000000000079       0x7a /usr/local/mcuxpressoide-11.2.0_4120/ide/plugins/com.nxp.mcuxpresso.tools.linux_11.2.0.202001021529/tools/bin/../lib/gcc/arm-none-eabi/9.2.1/../../../../arm-none-eabi/lib/thumb/v6-m/nofp/libcr_nohost_nf.a(__ciob.o)
 .comment       0x0000000000000079       0x7a /usr/local/mcuxpressoide-11.2.0_4120/ide/plugins/com.nxp.mcuxpresso.tools.linux_11.2.0.202001021529/tools/bin/../lib/gcc/arm-none-eabi/9.2.1/../../../../arm-none-eabi/lib/thumb/v6-m/nofp/libcr_nohost_nf.a(_cr__main.o)
 .comment       0x0000000000000079       0x7a /usr/local/mcuxpressoide-11.2.0_4120/ide/plugins/com.nxp.mcuxpresso.tools.linux_11.2.0.202001021529/tools/bin/../lib/gcc/arm-none-eabi/9.2.1/../../../../arm-none-eabi/lib/thumb/v6-m/nofp/libcr_c.a(memset.o)
 .comment       0x0000000000000079       0x7a /usr/local/mcuxpressoide-11.2.0_4120/ide/plugins/com.nxp.mcuxpresso.tools.linux_11.2.0.202001021529/tools/bin/../lib/gcc/arm-none-eabi/9.2.1/../../../../arm-none-eabi/lib/thumb/v6-m/nofp/libcr_c.a(__fillbuf.o)
 .comment       0x0000000000000079       0x7a /usr/local/mcuxpressoide-11.2.0_4120/ide/plugins/com.nxp.mcuxpresso.tools.linux_11.2.0.202001021529/tools/bin/../lib/gcc/arm-none-eabi/9.2.1/../../../../arm-none-eabi/lib/thumb/v6-m/nofp/libcr_c.a(_deferredlazyseek.o)
 .comment       0x0000000000000079       0x7a /usr/local/mcuxpressoide-11.2.0_4120/ide/plugins/com.nxp.mcuxpresso.tools.linux_11.2.0.202001021529/tools/bin/../lib/gcc/arm-none-eabi/9.2.1/../../../../arm-none-eabi/lib/thumb/v6-m/nofp/libcr_c.a(_fflush.o)
 .comment       0x0000000000000079       0x7a /usr/local/mcuxpressoide-11.2.0_4120/ide/plugins/com.nxp.mcuxpresso.tools.linux_11.2.0.202001021529/tools/bin/../lib/gcc/arm-none-eabi/9.2.1/../../../../arm-none-eabi/lib/thumb/v6-m/nofp/libcr_c.a(_writebuf.o)
 .comment       0x0000000000000079       0x7a /usr/local/mcuxpressoide-11.2.0_4120/ide/plugins/com.nxp.mcuxpresso.tools.linux_11.2.0.202001021529/tools/bin/../lib/gcc/arm-none-eabi/9.2.1/../../../../arm-none-eabi/lib/thumb/v6-m/nofp/libcr_c.a(alloc.o)
 .comment       0x0000000000000079       0x7a /usr/local/mcuxpressoide-11.2.0_4120/ide/plugins/com.nxp.mcuxpresso.tools.linux_11.2.0.202001021529/tools/bin/../lib/gcc/arm-none-eabi/9.2.1/../../../../arm-none-eabi/lib/thumb/v6-m/nofp/libcr_c.a(fseek.o)
 .comment       0x0000000000000079       0x7a /usr/local/mcuxpressoide-11.2.0_4120/ide/plugins/com.nxp.mcuxpresso.tools.linux_11.2.0.202001021529/tools/bin/../lib/gcc/arm-none-eabi/9.2.1/../../../../arm-none-eabi/lib/thumb/v6-m/nofp/libcr_c.a(ftell.o)
 .comment       0x0000000000000079       0x7a /usr/local/mcuxpressoide-11.2.0_4120/ide/plugins/com.nxp.mcuxpresso.tools.linux_11.2.0.202001021529/tools/bin/../lib/gcc/arm-none-eabi/9.2.1/../../../../arm-none-eabi/lib/thumb/v6-m/nofp/libcr_c.a(initio.o)
 .comment       0x0000000000000079       0x7a /usr/local/mcuxpressoide-11.2.0_4120/ide/plugins/com.nxp.mcuxpresso.tools.linux_11.2.0.202001021529/tools/bin/../lib/gcc/arm-none-eabi/9.2.1/../../../../arm-none-eabi/lib/thumb/v6-m/nofp/libcr_c.a(printf.o)
 .comment       0x0000000000000079       0x7a /usr/local/mcuxpressoide-11.2.0_4120/ide/plugins/com.nxp.mcuxpresso.tools.linux_11.2.0.202001021529/tools/bin/../lib/gcc/arm-none-eabi/9.2.1/../../../../arm-none-eabi/lib/thumb/v6-m/nofp/libcr_c.a(setvbuf.o)
 .comment       0x0000000000000079       0x7a /usr/local/mcuxpressoide-11.2.0_4120/ide/plugins/com.nxp.mcuxpresso.tools.linux_11.2.0.202001021529/tools/bin/../lib/gcc/arm-none-eabi/9.2.1/../../../../arm-none-eabi/lib/thumb/v6-m/nofp/libcr_c.a(strcasecmp.o)
 .comment       0x0000000000000079       0x7a /usr/local/mcuxpressoide-11.2.0_4120/ide/plugins/com.nxp.mcuxpresso.tools.linux_11.2.0.202001021529/tools/bin/../lib/gcc/arm-none-eabi/9.2.1/../../../../arm-none-eabi/lib/thumb/v6-m/nofp/libcr_c.a(strlen.o)
 .comment       0x0000000000000079       0x7a /usr/local/mcuxpressoide-11.2.0_4120/ide/plugins/com.nxp.mcuxpresso.tools.linux_11.2.0.202001021529/tools/bin/../lib/gcc/arm-none-eabi/9.2.1/../../../../arm-none-eabi/lib/thumb/v6-m/nofp/libcr_c.a(__init_alloc.o)
 .comment       0x0000000000000079       0x7a /usr/local/mcuxpressoide-11.2.0_4120/ide/plugins/com.nxp.mcuxpresso.tools.linux_11.2.0.202001021529/tools/bin/../lib/gcc/arm-none-eabi/9.2.1/../../../../arm-none-eabi/lib/thumb/v6-m/nofp/libcr_c.a(_cr_sbrk.o)
 .comment       0x0000000000000079       0x7a /usr/local/mcuxpressoide-11.2.0_4120/ide/plugins/com.nxp.mcuxpresso.tools.linux_11.2.0.202001021529/tools/bin/../lib/gcc/arm-none-eabi/9.2.1/../../../../arm-none-eabi/lib/thumb/v6-m/nofp/libcr_c.a(_fdopen.o)
 .comment       0x0000000000000079       0x7a /usr/local/mcuxpressoide-11.2.0_4120/ide/plugins/com.nxp.mcuxpresso.tools.linux_11.2.0.202001021529/tools/bin/../lib/gcc/arm-none-eabi/9.2.1/../../../../arm-none-eabi/lib/thumb/v6-m/nofp/libcr_c.a(ctype.o)
 .comment       0x0000000000000079       0x7a /usr/local/mcuxpressoide-11.2.0_4120/ide/plugins/com.nxp.mcuxpresso.tools.linux_11.2.0.202001021529/tools/bin/../lib/gcc/arm-none-eabi/9.2.1/../../../../arm-none-eabi/lib/thumb/v6-m/nofp/libcr_c.a(errno.o)
 .comment       0x0000000000000079       0x7a /usr/local/mcuxpressoide-11.2.0_4120/ide/plugins/com.nxp.mcuxpresso.tools.linux_11.2.0.202001021529/tools/bin/../lib/gcc/arm-none-eabi/9.2.1/../../../../arm-none-eabi/lib/thumb/v6-m/nofp/libcr_c.a(fclose.o)
 .comment       0x0000000000000079       0x7a /usr/local/mcuxpressoide-11.2.0_4120/ide/plugins/com.nxp.mcuxpresso.tools.linux_11.2.0.202001021529/tools/bin/../lib/gcc/arm-none-eabi/9.2.1/../../../../arm-none-eabi/lib/thumb/v6-m/nofp/libcr_c.a(fflush.o)
 .comment       0x0000000000000079       0x7a /usr/local/mcuxpressoide-11.2.0_4120/ide/plugins/com.nxp.mcuxpresso.tools.linux_11.2.0.202001021529/tools/bin/../lib/gcc/arm-none-eabi/9.2.1/../../../../arm-none-eabi/lib/thumb/v6-m/nofp/libcr_c.a(remove.o)
 .comment       0x0000000000000079       0x7a /usr/local/mcuxpressoide-11.2.0_4120/ide/plugins/com.nxp.mcuxpresso.tools.linux_11.2.0.202001021529/tools/bin/../lib/gcc/arm-none-eabi/9.2.1/../../../../arm-none-eabi/lib/thumb/v6-m/nofp/libcr_c.a(_cr_check_heap.o)
 .comment       0x0000000000000079       0x7a /usr/local/mcuxpressoide-11.2.0_4120/ide/plugins/com.nxp.mcuxpresso.tools.linux_11.2.0.202001021529/tools/bin/../lib/gcc/arm-none-eabi/9.2.1/../../../../arm-none-eabi/lib/thumb/v6-m/nofp/libcr_c.a(_do_fflush.o)
 .comment       0x0000000000000079       0x7a /usr/local/mcuxpressoide-11.2.0_4120/ide/plugins/com.nxp.mcuxpresso.tools.linux_11.2.0.202001021529/tools/bin/../lib/gcc/arm-none-eabi/9.2.1/../../../../arm-none-eabi/lib/thumb/v6-m/nofp/libcr_nohost_nf.a(__sys_appexit.o)
 .comment       0x0000000000000079       0x7a /usr/local/mcuxpressoide-11.2.0_4120/ide/plugins/com.nxp.mcuxpresso.tools.linux_11.2.0.202001021529/tools/bin/../lib/gcc/arm-none-eabi/9.2.1/../../../../arm-none-eabi/lib/thumb/v6-m/nofp/libcr_nohost_nf.a(__sys_close.o)
 .comment       0x0000000000000079       0x7a /usr/local/mcuxpressoide-11.2.0_4120/ide/plugins/com.nxp.mcuxpresso.tools.linux_11.2.0.202001021529/tools/bin/../lib/gcc/arm-none-eabi/9.2.1/../../../../arm-none-eabi/lib/thumb/v6-m/nofp/libcr_nohost_nf.a(__sys_flen.o)
 .comment       0x0000000000000079       0x7a /usr/local/mcuxpressoide-11.2.0_4120/ide/plugins/com.nxp.mcuxpresso.tools.linux_11.2.0.202001021529/tools/bin/../lib/gcc/arm-none-eabi/9.2.1/../../../../arm-none-eabi/lib/thumb/v6-m/nofp/libcr_nohost_nf.a(__sys_istty.o)
 .comment       0x0000000000000079       0x7a /usr/local/mcuxpressoide-11.2.0_4120/ide/plugins/com.nxp.mcuxpresso.tools.linux_11.2.0.202001021529/tools/bin/../lib/gcc/arm-none-eabi/9.2.1/../../../../arm-none-eabi/lib/thumb/v6-m/nofp/libcr_nohost_nf.a(__sys_read.o)
 .comment       0x0000000000000079       0x7a /usr/local/mcuxpressoide-11.2.0_4120/ide/plugins/com.nxp.mcuxpresso.tools.linux_11.2.0.202001021529/tools/bin/../lib/gcc/arm-none-eabi/9.2.1/../../../../arm-none-eabi/lib/thumb/v6-m/nofp/libcr_nohost_nf.a(__sys_remove.o)
 .comment       0x0000000000000079       0x7a /usr/local/mcuxpressoide-11.2.0_4120/ide/plugins/com.nxp.mcuxpresso.tools.linux_11.2.0.202001021529/tools/bin/../lib/gcc/arm-none-eabi/9.2.1/../../../../arm-none-eabi/lib/thumb/v6-m/nofp/libcr_nohost_nf.a(__sys_seek.o)
 .comment       0x0000000000000079       0x7a /usr/local/mcuxpressoide-11.2.0_4120/ide/plugins/com.nxp.mcuxpresso.tools.linux_11.2.0.202001021529/tools/bin/../lib/gcc/arm-none-eabi/9.2.1/../../../../arm-none-eabi/lib/thumb/v6-m/nofp/libcr_nohost_nf.a(__sys_tmpnam.o)

.ARM.attributes
                0x0000000000000000       0x2a
 .ARM.attributes
                0x0000000000000000       0x2c ./startup/startup_mkl25z4.o
 .ARM.attributes
                0x000000000000002c       0x2c ./source/cbfifo.o
 .ARM.attributes
                0x0000000000000058       0x2c ./source/command_processor.o
 .ARM.attributes
                0x0000000000000084       0x2c ./source/display.o
 .ARM.attributes
                0x00000000000000b0       0x2c ./source/hexdump.o
 .ARM.attributes
                0x00000000000000dc       0x2c ./source/i2c.o
 .ARM.attributes
                0x0000000000000108       0x2c ./source/main.o
 .ARM.attributes
                0x0000000000000134       0x32 ./source/mtb.o
 .ARM.attributes
                0x0000000000000166       0x2c ./source/oled.o
 .ARM.attributes
                0x0000000000000192       0x2c ./source/semihost_hardfault.o
 .ARM.attributes
                0x00000000000001be       0x2c ./source/sysclock.o
 .ARM.attributes
                0x00000000000001ea       0x2c ./source/uart.o
 .ARM.attributes
                0x0000000000000216       0x2c ./drivers/fsl_lpsci.o
 .ARM.attributes
                0x0000000000000242       0x2c ./drivers/fsl_uart.o
 .ARM.attributes
                0x000000000000026e       0x2c ./CMSIS/system_MKL25Z4.o
 .ARM.attributes
                0x000000000000029a       0x31 /usr/local/mcuxpressoide-11.2.0_4120/ide/plugins/com.nxp.mcuxpresso.tools.linux_11.2.0.202001021529/tools/bin/../lib/gcc/arm-none-eabi/9.2.1/../../../../arm-none-eabi/lib/thumb/v6-m/nofp/libcr_nohost_nf.a(__ciob.o)
 .ARM.attributes
                0x00000000000002cb       0x2c /usr/local/mcuxpressoide-11.2.0_4120/ide/plugins/com.nxp.mcuxpresso.tools.linux_11.2.0.202001021529/tools/bin/../lib/gcc/arm-none-eabi/9.2.1/../../../../arm-none-eabi/lib/thumb/v6-m/nofp/libcr_nohost_nf.a(_cr__main.o)
 .ARM.attributes
                0x00000000000002f7       0x2c /usr/local/mcuxpressoide-11.2.0_4120/ide/plugins/com.nxp.mcuxpresso.tools.linux_11.2.0.202001021529/tools/bin/../lib/gcc/arm-none-eabi/9.2.1/../../../../arm-none-eabi/lib/thumb/v6-m/nofp/libcr_c.a(memset.o)
 .ARM.attributes
                0x0000000000000323       0x2c /usr/local/mcuxpressoide-11.2.0_4120/ide/plugins/com.nxp.mcuxpresso.tools.linux_11.2.0.202001021529/tools/bin/../lib/gcc/arm-none-eabi/9.2.1/../../../../arm-none-eabi/lib/thumb/v6-m/nofp/libcr_c.a(__fillbuf.o)
 .ARM.attributes
                0x000000000000034f       0x2c /usr/local/mcuxpressoide-11.2.0_4120/ide/plugins/com.nxp.mcuxpresso.tools.linux_11.2.0.202001021529/tools/bin/../lib/gcc/arm-none-eabi/9.2.1/../../../../arm-none-eabi/lib/thumb/v6-m/nofp/libcr_c.a(_deferredlazyseek.o)
 .ARM.attributes
                0x000000000000037b       0x2c /usr/local/mcuxpressoide-11.2.0_4120/ide/plugins/com.nxp.mcuxpresso.tools.linux_11.2.0.202001021529/tools/bin/../lib/gcc/arm-none-eabi/9.2.1/../../../../arm-none-eabi/lib/thumb/v6-m/nofp/libcr_c.a(_fflush.o)
 .ARM.attributes
                0x00000000000003a7       0x2c /usr/local/mcuxpressoide-11.2.0_4120/ide/plugins/com.nxp.mcuxpresso.tools.linux_11.2.0.202001021529/tools/bin/../lib/gcc/arm-none-eabi/9.2.1/../../../../arm-none-eabi/lib/thumb/v6-m/nofp/libcr_c.a(_writebuf.o)
 .ARM.attributes
                0x00000000000003d3       0x2c /usr/local/mcuxpressoide-11.2.0_4120/ide/plugins/com.nxp.mcuxpresso.tools.linux_11.2.0.202001021529/tools/bin/../lib/gcc/arm-none-eabi/9.2.1/../../../../arm-none-eabi/lib/thumb/v6-m/nofp/libcr_c.a(alloc.o)
 .ARM.attributes
                0x00000000000003ff       0x2c /usr/local/mcuxpressoide-11.2.0_4120/ide/plugins/com.nxp.mcuxpresso.tools.linux_11.2.0.202001021529/tools/bin/../lib/gcc/arm-none-eabi/9.2.1/../../../../arm-none-eabi/lib/thumb/v6-m/nofp/libcr_c.a(fseek.o)
 .ARM.attributes
                0x000000000000042b       0x2c /usr/local/mcuxpressoide-11.2.0_4120/ide/plugins/com.nxp.mcuxpresso.tools.linux_11.2.0.202001021529/tools/bin/../lib/gcc/arm-none-eabi/9.2.1/../../../../arm-none-eabi/lib/thumb/v6-m/nofp/libcr_c.a(ftell.o)
 .ARM.attributes
                0x0000000000000457       0x2c /usr/local/mcuxpressoide-11.2.0_4120/ide/plugins/com.nxp.mcuxpresso.tools.linux_11.2.0.202001021529/tools/bin/../lib/gcc/arm-none-eabi/9.2.1/../../../../arm-none-eabi/lib/thumb/v6-m/nofp/libcr_c.a(initio.o)
 .ARM.attributes
                0x0000000000000483       0x2c /usr/local/mcuxpressoide-11.2.0_4120/ide/plugins/com.nxp.mcuxpresso.tools.linux_11.2.0.202001021529/tools/bin/../lib/gcc/arm-none-eabi/9.2.1/../../../../arm-none-eabi/lib/thumb/v6-m/nofp/libcr_c.a(printf.o)
 .ARM.attributes
                0x00000000000004af       0x2c /usr/local/mcuxpressoide-11.2.0_4120/ide/plugins/com.nxp.mcuxpresso.tools.linux_11.2.0.202001021529/tools/bin/../lib/gcc/arm-none-eabi/9.2.1/../../../../arm-none-eabi/lib/thumb/v6-m/nofp/libcr_c.a(setvbuf.o)
 .ARM.attributes
                0x00000000000004db       0x2c /usr/local/mcuxpressoide-11.2.0_4120/ide/plugins/com.nxp.mcuxpresso.tools.linux_11.2.0.202001021529/tools/bin/../lib/gcc/arm-none-eabi/9.2.1/../../../../arm-none-eabi/lib/thumb/v6-m/nofp/libcr_c.a(strcasecmp.o)
 .ARM.attributes
                0x0000000000000507       0x2c /usr/local/mcuxpressoide-11.2.0_4120/ide/plugins/com.nxp.mcuxpresso.tools.linux_11.2.0.202001021529/tools/bin/../lib/gcc/arm-none-eabi/9.2.1/../../../../arm-none-eabi/lib/thumb/v6-m/nofp/libcr_c.a(strlen.o)
 .ARM.attributes
                0x0000000000000533       0x2c /usr/local/mcuxpressoide-11.2.0_4120/ide/plugins/com.nxp.mcuxpresso.tools.linux_11.2.0.202001021529/tools/bin/../lib/gcc/arm-none-eabi/9.2.1/../../../../arm-none-eabi/lib/thumb/v6-m/nofp/libcr_c.a(__init_alloc.o)
 .ARM.attributes
                0x000000000000055f       0x2c /usr/local/mcuxpressoide-11.2.0_4120/ide/plugins/com.nxp.mcuxpresso.tools.linux_11.2.0.202001021529/tools/bin/../lib/gcc/arm-none-eabi/9.2.1/../../../../arm-none-eabi/lib/thumb/v6-m/nofp/libcr_c.a(_cr_sbrk.o)
 .ARM.attributes
                0x000000000000058b       0x2c /usr/local/mcuxpressoide-11.2.0_4120/ide/plugins/com.nxp.mcuxpresso.tools.linux_11.2.0.202001021529/tools/bin/../lib/gcc/arm-none-eabi/9.2.1/../../../../arm-none-eabi/lib/thumb/v6-m/nofp/libcr_c.a(_fdopen.o)
 .ARM.attributes
                0x00000000000005b7       0x2c /usr/local/mcuxpressoide-11.2.0_4120/ide/plugins/com.nxp.mcuxpresso.tools.linux_11.2.0.202001021529/tools/bin/../lib/gcc/arm-none-eabi/9.2.1/../../../../arm-none-eabi/lib/thumb/v6-m/nofp/libcr_c.a(ctype.o)
 .ARM.attributes
                0x00000000000005e3       0x31 /usr/local/mcuxpressoide-11.2.0_4120/ide/plugins/com.nxp.mcuxpresso.tools.linux_11.2.0.202001021529/tools/bin/../lib/gcc/arm-none-eabi/9.2.1/../../../../arm-none-eabi/lib/thumb/v6-m/nofp/libcr_c.a(errno.o)
 .ARM.attributes
                0x0000000000000614       0x2c /usr/local/mcuxpressoide-11.2.0_4120/ide/plugins/com.nxp.mcuxpresso.tools.linux_11.2.0.202001021529/tools/bin/../lib/gcc/arm-none-eabi/9.2.1/../../../../arm-none-eabi/lib/thumb/v6-m/nofp/libcr_c.a(fclose.o)
 .ARM.attributes
                0x0000000000000640       0x2c /usr/local/mcuxpressoide-11.2.0_4120/ide/plugins/com.nxp.mcuxpresso.tools.linux_11.2.0.202001021529/tools/bin/../lib/gcc/arm-none-eabi/9.2.1/../../../../arm-none-eabi/lib/thumb/v6-m/nofp/libcr_c.a(fflush.o)
 .ARM.attributes
                0x000000000000066c       0x2c /usr/local/mcuxpressoide-11.2.0_4120/ide/plugins/com.nxp.mcuxpresso.tools.linux_11.2.0.202001021529/tools/bin/../lib/gcc/arm-none-eabi/9.2.1/../../../../arm-none-eabi/lib/thumb/v6-m/nofp/libcr_c.a(remove.o)
 .ARM.attributes
                0x0000000000000698       0x2c /usr/local/mcuxpressoide-11.2.0_4120/ide/plugins/com.nxp.mcuxpresso.tools.linux_11.2.0.202001021529/tools/bin/../lib/gcc/arm-none-eabi/9.2.1/../../../../arm-none-eabi/lib/thumb/v6-m/nofp/libcr_c.a(_cr_check_heap.o)
 .ARM.attributes
                0x00000000000006c4       0x2c /usr/local/mcuxpressoide-11.2.0_4120/ide/plugins/com.nxp.mcuxpresso.tools.linux_11.2.0.202001021529/tools/bin/../lib/gcc/arm-none-eabi/9.2.1/../../../../arm-none-eabi/lib/thumb/v6-m/nofp/libcr_c.a(_do_fflush.o)
 .ARM.attributes
                0x00000000000006f0       0x1c /usr/local/mcuxpressoide-11.2.0_4120/ide/plugins/com.nxp.mcuxpresso.tools.linux_11.2.0.202001021529/tools/bin/../lib/gcc/arm-none-eabi/9.2.1/thumb/v6-m/nofp/libcr_eabihelpers.a(llong.o)
 .ARM.attributes
                0x000000000000070c       0x1c /usr/local/mcuxpressoide-11.2.0_4120/ide/plugins/com.nxp.mcuxpresso.tools.linux_11.2.0.202001021529/tools/bin/../lib/gcc/arm-none-eabi/9.2.1/thumb/v6-m/nofp/libcr_eabihelpers.a(memcpy.o)
 .ARM.attributes
                0x0000000000000728       0x1c /usr/local/mcuxpressoide-11.2.0_4120/ide/plugins/com.nxp.mcuxpresso.tools.linux_11.2.0.202001021529/tools/bin/../lib/gcc/arm-none-eabi/9.2.1/thumb/v6-m/nofp/libcr_eabihelpers.a(thumb1_switch_helpers.o)
 .ARM.attributes
                0x0000000000000744       0x2c /usr/local/mcuxpressoide-11.2.0_4120/ide/plugins/com.nxp.mcuxpresso.tools.linux_11.2.0.202001021529/tools/bin/../lib/gcc/arm-none-eabi/9.2.1/../../../../arm-none-eabi/lib/thumb/v6-m/nofp/libcr_nohost_nf.a(__sys_appexit.o)
 .ARM.attributes
                0x0000000000000770       0x2c /usr/local/mcuxpressoide-11.2.0_4120/ide/plugins/com.nxp.mcuxpresso.tools.linux_11.2.0.202001021529/tools/bin/../lib/gcc/arm-none-eabi/9.2.1/../../../../arm-none-eabi/lib/thumb/v6-m/nofp/libcr_nohost_nf.a(__sys_close.o)
 .ARM.attributes
                0x000000000000079c       0x2c /usr/local/mcuxpressoide-11.2.0_4120/ide/plugins/com.nxp.mcuxpresso.tools.linux_11.2.0.202001021529/tools/bin/../lib/gcc/arm-none-eabi/9.2.1/../../../../arm-none-eabi/lib/thumb/v6-m/nofp/libcr_nohost_nf.a(__sys_flen.o)
 .ARM.attributes
                0x00000000000007c8       0x2c /usr/local/mcuxpressoide-11.2.0_4120/ide/plugins/com.nxp.mcuxpresso.tools.linux_11.2.0.202001021529/tools/bin/../lib/gcc/arm-none-eabi/9.2.1/../../../../arm-none-eabi/lib/thumb/v6-m/nofp/libcr_nohost_nf.a(__sys_istty.o)
 .ARM.attributes
                0x00000000000007f4       0x2c /usr/local/mcuxpressoide-11.2.0_4120/ide/plugins/com.nxp.mcuxpresso.tools.linux_11.2.0.202001021529/tools/bin/../lib/gcc/arm-none-eabi/9.2.1/../../../../arm-none-eabi/lib/thumb/v6-m/nofp/libcr_nohost_nf.a(__sys_read.o)
 .ARM.attributes
                0x0000000000000820       0x2c /usr/local/mcuxpressoide-11.2.0_4120/ide/plugins/com.nxp.mcuxpresso.tools.linux_11.2.0.202001021529/tools/bin/../lib/gcc/arm-none-eabi/9.2.1/../../../../arm-none-eabi/lib/thumb/v6-m/nofp/libcr_nohost_nf.a(__sys_remove.o)
 .ARM.attributes
                0x000000000000084c       0x2c /usr/local/mcuxpressoide-11.2.0_4120/ide/plugins/com.nxp.mcuxpresso.tools.linux_11.2.0.202001021529/tools/bin/../lib/gcc/arm-none-eabi/9.2.1/../../../../arm-none-eabi/lib/thumb/v6-m/nofp/libcr_nohost_nf.a(__sys_seek.o)
 .ARM.attributes
                0x0000000000000878       0x2c /usr/local/mcuxpressoide-11.2.0_4120/ide/plugins/com.nxp.mcuxpresso.tools.linux_11.2.0.202001021529/tools/bin/../lib/gcc/arm-none-eabi/9.2.1/../../../../arm-none-eabi/lib/thumb/v6-m/nofp/libcr_nohost_nf.a(__sys_tmpnam.o)

.debug_frame    0x0000000000000000      0xe44
 .debug_frame   0x0000000000000000      0x3bc ./startup/startup_mkl25z4.o
 .debug_frame   0x00000000000003bc       0x88 ./source/cbfifo.o
 .debug_frame   0x0000000000000444      0x110 ./source/command_processor.o
 .debug_frame   0x0000000000000554      0x12c ./source/display.o
 .debug_frame   0x0000000000000680       0x68 ./source/hexdump.o
 .debug_frame   0x00000000000006e8       0x80 ./source/i2c.o
 .debug_frame   0x0000000000000768       0x2c ./source/main.o
 .debug_frame   0x0000000000000794       0xac ./source/oled.o
 .debug_frame   0x0000000000000840       0x20 ./source/semihost_hardfault.o
 .debug_frame   0x0000000000000860       0x20 ./source/sysclock.o
 .debug_frame   0x0000000000000880       0xa4 ./source/uart.o
 .debug_frame   0x0000000000000924      0x244 ./drivers/fsl_lpsci.o
 .debug_frame   0x0000000000000b68      0x2a0 ./drivers/fsl_uart.o
 .debug_frame   0x0000000000000e08       0x3c ./CMSIS/system_MKL25Z4.o

Cross Reference Table

Symbol                                            File
ADC0_DriverIRQHandler                             ./startup/startup_mkl25z4.o
ADC0_IRQHandler                                   ./startup/startup_mkl25z4.o
BOARD_BootClockRUN                                ./board/clock_config.o
BOARD_BootClockVLPR                               ./board/clock_config.o
BOARD_InitBootClocks                              ./board/clock_config.o
BOARD_InitBootPeripherals                         ./board/peripherals.o
BOARD_InitBootPins                                ./board/pin_mux.o
BOARD_InitDebugConsole                            ./board/board.o
BOARD_InitPins                                    ./board/pin_mux.o
CLOCK_BootToBlpeMode                              ./drivers/fsl_clock.o
CLOCK_BootToBlpiMode                              ./drivers/fsl_clock.o
                                                  ./board/clock_config.o
CLOCK_BootToFeeMode                               ./drivers/fsl_clock.o
CLOCK_BootToFeiMode                               ./drivers/fsl_clock.o
CLOCK_BootToPeeMode                               ./drivers/fsl_clock.o
                                                  ./board/clock_config.o
CLOCK_CalcPllDiv                                  ./drivers/fsl_clock.o
CLOCK_ClearStatusFlags                            ./drivers/fsl_clock.o
CLOCK_DeinitOsc0                                  ./drivers/fsl_clock.o
CLOCK_EnablePll0                                  ./drivers/fsl_clock.o
CLOCK_EnableUsbfs0Clock                           ./drivers/fsl_clock.o
CLOCK_ExternalModeToFbeModeQuick                  ./drivers/fsl_clock.o
CLOCK_FllStableDelay                              ./drivers/fsl_clock.o
CLOCK_GetBusClkFreq                               ./drivers/fsl_clock.o
CLOCK_GetCoreSysClkFreq                           ./drivers/fsl_clock.o
CLOCK_GetEr32kClkFreq                             ./drivers/fsl_clock.o
CLOCK_GetFixedFreqClkFreq                         ./drivers/fsl_clock.o
CLOCK_GetFlashClkFreq                             ./drivers/fsl_clock.o
CLOCK_GetFllFreq                                  ./drivers/fsl_clock.o
CLOCK_GetFreq                                     ./drivers/fsl_clock.o
CLOCK_GetInternalRefClkFreq                       ./drivers/fsl_clock.o
CLOCK_GetMode                                     ./drivers/fsl_clock.o
CLOCK_GetOsc0ErClkFreq                            ./drivers/fsl_clock.o
CLOCK_GetOutClkFreq                               ./drivers/fsl_clock.o
CLOCK_GetPlatClkFreq                              ./drivers/fsl_clock.o
CLOCK_GetPll0Freq                                 ./drivers/fsl_clock.o
CLOCK_GetPllFllSelClkFreq                         ./drivers/fsl_clock.o
                                                  ./board/board.o
CLOCK_GetStatusFlags                              ./drivers/fsl_clock.o
CLOCK_InitOsc0                                    ./drivers/fsl_clock.o
                                                  ./board/clock_config.o
CLOCK_InternalModeToFbiModeQuick                  ./drivers/fsl_clock.o
CLOCK_SetBlpeMode                                 ./drivers/fsl_clock.o
CLOCK_SetBlpiMode                                 ./drivers/fsl_clock.o
CLOCK_SetExternalRefClkConfig                     ./drivers/fsl_clock.o
CLOCK_SetFbeMode                                  ./drivers/fsl_clock.o
CLOCK_SetFbiMode                                  ./drivers/fsl_clock.o
CLOCK_SetFeeMode                                  ./drivers/fsl_clock.o
CLOCK_SetFeiMode                                  ./drivers/fsl_clock.o
CLOCK_SetInternalRefClkConfig                     ./drivers/fsl_clock.o
                                                  ./board/clock_config.o
CLOCK_SetMcgConfig                                ./drivers/fsl_clock.o
CLOCK_SetOsc0MonitorMode                          ./drivers/fsl_clock.o
CLOCK_SetPbeMode                                  ./drivers/fsl_clock.o
CLOCK_SetPeeMode                                  ./drivers/fsl_clock.o
CLOCK_SetPll0MonitorMode                          ./drivers/fsl_clock.o
CLOCK_SetSimConfig                                ./drivers/fsl_clock.o
                                                  ./board/clock_config.o
CLOCK_TrimInternalRefClk                          ./drivers/fsl_clock.o
CMP0_DriverIRQHandler                             ./startup/startup_mkl25z4.o
CMP0_IRQHandler                                   ./startup/startup_mkl25z4.o
DAC0_DriverIRQHandler                             ./startup/startup_mkl25z4.o
DAC0_IRQHandler                                   ./startup/startup_mkl25z4.o
DMA0_DriverIRQHandler                             ./startup/startup_mkl25z4.o
DMA0_IRQHandler                                   ./startup/startup_mkl25z4.o
DMA1_DriverIRQHandler                             ./startup/startup_mkl25z4.o
DMA1_IRQHandler                                   ./startup/startup_mkl25z4.o
DMA2_DriverIRQHandler                             ./startup/startup_mkl25z4.o
DMA2_IRQHandler                                   ./startup/startup_mkl25z4.o
DMA3_DriverIRQHandler                             ./startup/startup_mkl25z4.o
DMA3_IRQHandler                                   ./startup/startup_mkl25z4.o
DbgConsole_Deinit                                 ./utilities/fsl_debug_console.o
DbgConsole_Init                                   ./utilities/fsl_debug_console.o
                                                  ./board/board.o
FIFOS                                             ./source/cbfifo.o
FLASH_Erase                                       ./drivers/fsl_flash.o
FLASH_EraseAll                                    ./drivers/fsl_flash.o
FLASH_EraseAllExecuteOnlySegments                 ./drivers/fsl_flash.o
FLASH_GetProperty                                 ./drivers/fsl_flash.o
FLASH_GetSecurityState                            ./drivers/fsl_flash.o
FLASH_Init                                        ./drivers/fsl_flash.o
FLASH_IsExecuteOnly                               ./drivers/fsl_flash.o
FLASH_IsProtected                                 ./drivers/fsl_flash.o
FLASH_PflashGetPrefetchSpeculation                ./drivers/fsl_flash.o
FLASH_PflashGetProtection                         ./drivers/fsl_flash.o
FLASH_PflashSetPrefetchSpeculation                ./drivers/fsl_flash.o
                                                  ./drivers/fsl_smc.o
FLASH_PflashSetProtection                         ./drivers/fsl_flash.o
FLASH_PrepareExecuteInRamFunctions                ./drivers/fsl_flash.o
FLASH_Program                                     ./drivers/fsl_flash.o
FLASH_ProgramOnce                                 ./drivers/fsl_flash.o
FLASH_ReadOnce                                    ./drivers/fsl_flash.o
FLASH_ReadResource                                ./drivers/fsl_flash.o
FLASH_SecurityBypass                              ./drivers/fsl_flash.o
FLASH_SetCallback                                 ./drivers/fsl_flash.o
FLASH_SetProperty                                 ./drivers/fsl_flash.o
FLASH_VerifyErase                                 ./drivers/fsl_flash.o
FLASH_VerifyEraseAll                              ./drivers/fsl_flash.o
FLASH_VerifyEraseAllExecuteOnlySegments           ./drivers/fsl_flash.o
FLASH_VerifyProgram                               ./drivers/fsl_flash.o
FTFA_DriverIRQHandler                             ./startup/startup_mkl25z4.o
FTFA_IRQHandler                                   ./startup/startup_mkl25z4.o
Flash_Config                                      ./startup/startup_mkl25z4.o
GPIO_ClearPinsInterruptFlags                      ./drivers/fsl_gpio.o
GPIO_GetPinsInterruptFlags                        ./drivers/fsl_gpio.o
GPIO_PinInit                                      ./drivers/fsl_gpio.o
HardFault_Handler                                 ./source/semihost_hardfault.o
                                                  ./startup/startup_mkl25z4.o
I2C0_DriverIRQHandler                             ./startup/startup_mkl25z4.o
I2C0_IRQHandler                                   ./startup/startup_mkl25z4.o
I2C1_DriverIRQHandler                             ./startup/startup_mkl25z4.o
I2C1_IRQHandler                                   ./startup/startup_mkl25z4.o
InstallIRQHandler                                 ./drivers/fsl_common.o
IntDefaultHandler                                 ./startup/startup_mkl25z4.o
LLWU_DriverIRQHandler                             ./startup/startup_mkl25z4.o
LLWU_IRQHandler                                   ./startup/startup_mkl25z4.o
LPSCI_ClearStatusFlags                            ./drivers/fsl_lpsci.o
LPSCI_Deinit                                      ./drivers/fsl_lpsci.o
                                                  ./utilities/fsl_debug_console.o
LPSCI_DisableInterrupts                           ./drivers/fsl_lpsci.o
LPSCI_EnableInterrupts                            ./drivers/fsl_lpsci.o
LPSCI_GetDefaultConfig                            ./drivers/fsl_lpsci.o
                                                  ./utilities/fsl_debug_console.o
LPSCI_GetEnabledInterrupts                        ./drivers/fsl_lpsci.o
LPSCI_GetInstance                                 ./drivers/fsl_lpsci.o
LPSCI_GetStatusFlags                              ./drivers/fsl_lpsci.o
LPSCI_Init                                        ./drivers/fsl_lpsci.o
                                                  ./utilities/fsl_debug_console.o
LPSCI_ReadBlocking                                ./drivers/fsl_lpsci.o
                                                  ./utilities/fsl_debug_console.o
LPSCI_SetBaudRate                                 ./drivers/fsl_lpsci.o
LPSCI_TransferAbortReceive                        ./drivers/fsl_lpsci.o
LPSCI_TransferAbortSend                           ./drivers/fsl_lpsci.o
LPSCI_TransferCreateHandle                        ./drivers/fsl_lpsci.o
LPSCI_TransferGetReceiveCount                     ./drivers/fsl_lpsci.o
LPSCI_TransferGetSendCount                        ./drivers/fsl_lpsci.o
LPSCI_TransferHandleErrorIRQ                      ./drivers/fsl_lpsci.o
LPSCI_TransferHandleIRQ                           ./drivers/fsl_lpsci.o
LPSCI_TransferReceiveNonBlocking                  ./drivers/fsl_lpsci.o
LPSCI_TransferSendNonBlocking                     ./drivers/fsl_lpsci.o
LPSCI_TransferStartRingBuffer                     ./drivers/fsl_lpsci.o
LPSCI_TransferStopRingBuffer                      ./drivers/fsl_lpsci.o
LPSCI_WriteBlocking                               ./drivers/fsl_lpsci.o
                                                  ./utilities/fsl_debug_console.o
LPTMR0_DriverIRQHandler                           ./startup/startup_mkl25z4.o
LPTMR0_IRQHandler                                 ./startup/startup_mkl25z4.o
LVD_LVW_DriverIRQHandler                          ./startup/startup_mkl25z4.o
LVD_LVW_IRQHandler                                ./startup/startup_mkl25z4.o
MCG_DriverIRQHandler                              ./startup/startup_mkl25z4.o
MCG_IRQHandler                                    ./startup/startup_mkl25z4.o
NMI_Handler                                       ./startup/startup_mkl25z4.o
PIT_DriverIRQHandler                              ./startup/startup_mkl25z4.o
PIT_IRQHandler                                    ./startup/startup_mkl25z4.o
PORTA_DriverIRQHandler                            ./startup/startup_mkl25z4.o
PORTA_IRQHandler                                  ./startup/startup_mkl25z4.o
PORTD_DriverIRQHandler                            ./startup/startup_mkl25z4.o
PORTD_IRQHandler                                  ./startup/startup_mkl25z4.o
PendSV_Handler                                    ./startup/startup_mkl25z4.o
RTC_DriverIRQHandler                              ./startup/startup_mkl25z4.o
RTC_IRQHandler                                    ./startup/startup_mkl25z4.o
RTC_Seconds_DriverIRQHandler                      ./startup/startup_mkl25z4.o
RTC_Seconds_IRQHandler                            ./startup/startup_mkl25z4.o
Reserved20_DriverIRQHandler                       ./startup/startup_mkl25z4.o
Reserved20_IRQHandler                             ./startup/startup_mkl25z4.o
Reserved39_DriverIRQHandler                       ./startup/startup_mkl25z4.o
Reserved39_IRQHandler                             ./startup/startup_mkl25z4.o
Reserved45_DriverIRQHandler                       ./startup/startup_mkl25z4.o
Reserved45_IRQHandler                             ./startup/startup_mkl25z4.o
ResetISR                                          ./startup/startup_mkl25z4.o
SMC_PostExitStopModes                             ./drivers/fsl_smc.o
SMC_PreEnterStopModes                             ./drivers/fsl_smc.o
SMC_SetPowerModeLls                               ./drivers/fsl_smc.o
SMC_SetPowerModeRun                               ./drivers/fsl_smc.o
SMC_SetPowerModeStop                              ./drivers/fsl_smc.o
SMC_SetPowerModeVlls                              ./drivers/fsl_smc.o
SMC_SetPowerModeVlpr                              ./drivers/fsl_smc.o
                                                  ./board/clock_config.o
SMC_SetPowerModeVlps                              ./drivers/fsl_smc.o
SMC_SetPowerModeVlpw                              ./drivers/fsl_smc.o
SMC_SetPowerModeWait                              ./drivers/fsl_smc.o
SPI0_DriverIRQHandler                             ./startup/startup_mkl25z4.o
SPI0_IRQHandler                                   ./startup/startup_mkl25z4.o
SPI1_DriverIRQHandler                             ./startup/startup_mkl25z4.o
SPI1_IRQHandler                                   ./startup/startup_mkl25z4.o
SVC_Handler                                       ./startup/startup_mkl25z4.o
SysTick_Handler                                   ./startup/startup_mkl25z4.o
SystemCoreClock                                   ./CMSIS/system_MKL25Z4.o
                                                  ./board/clock_config.o
SystemCoreClockUpdate                             ./CMSIS/system_MKL25Z4.o
SystemInit                                        ./CMSIS/system_MKL25Z4.o
                                                  ./startup/startup_mkl25z4.o
TPM0_DriverIRQHandler                             ./startup/startup_mkl25z4.o
TPM0_IRQHandler                                   ./startup/startup_mkl25z4.o
TPM1_DriverIRQHandler                             ./startup/startup_mkl25z4.o
TPM1_IRQHandler                                   ./startup/startup_mkl25z4.o
TPM2_DriverIRQHandler                             ./startup/startup_mkl25z4.o
TPM2_IRQHandler                                   ./startup/startup_mkl25z4.o
TSI0_DriverIRQHandler                             ./startup/startup_mkl25z4.o
TSI0_IRQHandler                                   ./startup/startup_mkl25z4.o
UART0_DriverIRQHandler                            ./drivers/fsl_lpsci.o
                                                  ./startup/startup_mkl25z4.o
UART0_IRQHandler                                  ./source/uart.o
                                                  ./startup/startup_mkl25z4.o
UART1_DriverIRQHandler                            ./drivers/fsl_uart.o
                                                  ./startup/startup_mkl25z4.o
UART1_IRQHandler                                  ./startup/startup_mkl25z4.o
UART1_RX_TX_DriverIRQHandler                      ./drivers/fsl_uart.o
UART2_DriverIRQHandler                            ./drivers/fsl_uart.o
                                                  ./startup/startup_mkl25z4.o
UART2_IRQHandler                                  ./startup/startup_mkl25z4.o
UART2_RX_TX_DriverIRQHandler                      ./drivers/fsl_uart.o
UART_ClearStatusFlags                             ./drivers/fsl_uart.o
UART_Deinit                                       ./drivers/fsl_uart.o
                                                  ./utilities/fsl_debug_console.o
UART_DisableInterrupts                            ./drivers/fsl_uart.o
UART_EnableInterrupts                             ./drivers/fsl_uart.o
UART_GetDefaultConfig                             ./drivers/fsl_uart.o
                                                  ./utilities/fsl_debug_console.o
UART_GetEnabledInterrupts                         ./drivers/fsl_uart.o
UART_GetInstance                                  ./drivers/fsl_uart.o
UART_GetStatusFlags                               ./drivers/fsl_uart.o
UART_Init                                         ./drivers/fsl_uart.o
                                                  ./utilities/fsl_debug_console.o
UART_ReadBlocking                                 ./drivers/fsl_uart.o
                                                  ./utilities/fsl_debug_console.o
UART_SetBaudRate                                  ./drivers/fsl_uart.o
UART_TransferAbortReceive                         ./drivers/fsl_uart.o
UART_TransferAbortSend                            ./drivers/fsl_uart.o
UART_TransferCreateHandle                         ./drivers/fsl_uart.o
UART_TransferGetReceiveCount                      ./drivers/fsl_uart.o
UART_TransferGetSendCount                         ./drivers/fsl_uart.o
UART_TransferHandleErrorIRQ                       ./drivers/fsl_uart.o
UART_TransferHandleIRQ                            ./drivers/fsl_uart.o
UART_TransferReceiveNonBlocking                   ./drivers/fsl_uart.o
UART_TransferSendNonBlocking                      ./drivers/fsl_uart.o
UART_TransferStartRingBuffer                      ./drivers/fsl_uart.o
UART_TransferStopRingBuffer                       ./drivers/fsl_uart.o
UART_WriteBlocking                                ./drivers/fsl_uart.o
                                                  ./utilities/fsl_debug_console.o
USB0_DriverIRQHandler                             ./startup/startup_mkl25z4.o
USB0_IRQHandler                                   ./startup/startup_mkl25z4.o
_Csys_alloc                                       /usr/local/mcuxpressoide-11.2.0_4120/ide/plugins/com.nxp.mcuxpresso.tools.linux_11.2.0.202001021529/tools/bin/../lib/gcc/arm-none-eabi/9.2.1/../../../../arm-none-eabi/lib/thumb/v6-m/nofp/libcr_c.a(alloc.o)
                                                  /usr/local/mcuxpressoide-11.2.0_4120/ide/plugins/com.nxp.mcuxpresso.tools.linux_11.2.0.202001021529/tools/bin/../lib/gcc/arm-none-eabi/9.2.1/../../../../arm-none-eabi/lib/thumb/v6-m/nofp/libcr_c.a(_deferredlazyseek.o)
                                                  /usr/local/mcuxpressoide-11.2.0_4120/ide/plugins/com.nxp.mcuxpresso.tools.linux_11.2.0.202001021529/tools/bin/../lib/gcc/arm-none-eabi/9.2.1/../../../../arm-none-eabi/lib/thumb/v6-m/nofp/libcr_c.a(__fillbuf.o)
_Csys_read_                                       /usr/local/mcuxpressoide-11.2.0_4120/ide/plugins/com.nxp.mcuxpresso.tools.linux_11.2.0.202001021529/tools/bin/../lib/gcc/arm-none-eabi/9.2.1/../../../../arm-none-eabi/lib/thumb/v6-m/nofp/libcr_c.a(__fillbuf.o)
_Cwritebuf                                        /usr/local/mcuxpressoide-11.2.0_4120/ide/plugins/com.nxp.mcuxpresso.tools.linux_11.2.0.202001021529/tools/bin/../lib/gcc/arm-none-eabi/9.2.1/../../../../arm-none-eabi/lib/thumb/v6-m/nofp/libcr_c.a(_writebuf.o)
                                                  /usr/local/mcuxpressoide-11.2.0_4120/ide/plugins/com.nxp.mcuxpresso.tools.linux_11.2.0.202001021529/tools/bin/../lib/gcc/arm-none-eabi/9.2.1/../../../../arm-none-eabi/lib/thumb/v6-m/nofp/libcr_c.a(_fflush.o)
                                                  /usr/local/mcuxpressoide-11.2.0_4120/ide/plugins/com.nxp.mcuxpresso.tools.linux_11.2.0.202001021529/tools/bin/../lib/gcc/arm-none-eabi/9.2.1/../../../../arm-none-eabi/lib/thumb/v6-m/nofp/libcr_c.a(_deferredlazyseek.o)
__Ciob                                            /usr/local/mcuxpressoide-11.2.0_4120/ide/plugins/com.nxp.mcuxpresso.tools.linux_11.2.0.202001021529/tools/bin/../lib/gcc/arm-none-eabi/9.2.1/../../../../arm-none-eabi/lib/thumb/v6-m/nofp/libcr_nohost_nf.a(__ciob.o)
                                                  /usr/local/mcuxpressoide-11.2.0_4120/ide/plugins/com.nxp.mcuxpresso.tools.linux_11.2.0.202001021529/tools/bin/../lib/gcc/arm-none-eabi/9.2.1/../../../../arm-none-eabi/lib/thumb/v6-m/nofp/libcr_c.a(fflush.o)